<html>
<body>
<pre>
<h1>µVision Build Log</h1>
<h2>Tool Versions:</h2>
IDE-Version: µVision V5.29.0.0
Copyright (C) 2019 ARM Ltd and ARM Germany GmbH. All rights reserved.
License Information: sankalp agrawal, gg, LIC=AK111-WE0XM-J6MFG-DY0QS-5HIEK-FI8BD
 
Tool Versions:
Toolchain:       MDK-ARM Professional  Version: 5.29.0.0
Toolchain Path:  C:\Keil_v5\ARM\ARMCC\Bin
C Compiler:      Armcc.exe V5.06 update 6 (build 750)
Assembler:       Armasm.exe V5.06 update 6 (build 750)
Linker/Locator:  ArmLink.exe V5.06 update 6 (build 750)
Library Manager: ArmAr.exe V5.06 update 6 (build 750)
Hex Converter:   FromElf.exe V5.06 update 6 (build 750)
CPU DLL:         SARMCM3.DLL V5.29.0.0
Dialog DLL:      DCM.DLL V1.17.3.0
Target DLL:      STLink\ST-LINKIII-KEIL_SWO.dll V3.0.7.0
Dialog DLL:      TCM.DLL V1.36.5.0
 
<h2>Project:</h2>
D:\CUBoulder\MESA\Project_2\Code3_3\Code312\RTOS\RTOS.uvprojx
Project File Date:  10/18/2021

<h2>Output:</h2>
*** Using Compiler 'V5.06 update 6 (build 750)', folder: 'C:\Keil_v5\ARM\ARMCC\Bin'
*** Warning: You are compiling one or more files of source type C++ and have selected 'use MicroLIB'. MicroLIB does not support C++!
  
Rebuild target 'mbed NUCLEO_F401RE'
compiling rt_Time.c...
compiling rt_Semaphore.c...
mbed-rtos/rtx/rt_HAL_CM.h(203): warning:  #3731-D: intrinsic is deprecated
      if ((cnt = __ldrex(count)) == size) {
mbed-rtos/rtx/rt_HAL_CM.h(206): warning:  #3731-D: intrinsic is deprecated
    } while (__strex(cnt+1, count));
mbed-rtos/rtx/rt_HAL_CM.h(208): warning:  #3731-D: intrinsic is deprecated
      c2 = (cnt = __ldrex(first)) + 1;
mbed-rtos/rtx/rt_HAL_CM.h(210): warning:  #3731-D: intrinsic is deprecated
    } while (__strex(c2, first));
mbed-rtos/rtx/rt_Semaphore.c: 4 warnings, 0 errors
compiling rt_List.c...
mbed-rtos/rtx/rt_HAL_CM.h(203): warning:  #3731-D: intrinsic is deprecated
      if ((cnt = __ldrex(count)) == size) {
mbed-rtos/rtx/rt_HAL_CM.h(206): warning:  #3731-D: intrinsic is deprecated
    } while (__strex(cnt+1, count));
mbed-rtos/rtx/rt_HAL_CM.h(208): warning:  #3731-D: intrinsic is deprecated
      c2 = (cnt = __ldrex(first)) + 1;
mbed-rtos/rtx/rt_HAL_CM.h(210): warning:  #3731-D: intrinsic is deprecated
    } while (__strex(c2, first));
mbed-rtos/rtx/rt_List.c: 4 warnings, 0 errors
compiling rt_Mailbox.c...
mbed-rtos/rtx/rt_HAL_CM.h(203): warning:  #3731-D: intrinsic is deprecated
      if ((cnt = __ldrex(count)) == size) {
mbed-rtos/rtx/rt_HAL_CM.h(206): warning:  #3731-D: intrinsic is deprecated
    } while (__strex(cnt+1, count));
mbed-rtos/rtx/rt_HAL_CM.h(208): warning:  #3731-D: intrinsic is deprecated
      c2 = (cnt = __ldrex(first)) + 1;
mbed-rtos/rtx/rt_HAL_CM.h(210): warning:  #3731-D: intrinsic is deprecated
    } while (__strex(c2, first));
mbed-rtos/rtx/rt_Mailbox.c(112): warning:  #3731-D: intrinsic is deprecated
      rt_inc (&p_MCB->count);
mbed-rtos/rtx/rt_Mailbox.c(112): warning:  #3731-D: intrinsic is deprecated
      rt_inc (&p_MCB->count);
mbed-rtos/rtx/rt_Mailbox.c(151): warning:  #3731-D: intrinsic is deprecated
        rt_dec (&p_MCB->count);
mbed-rtos/rtx/rt_Mailbox.c(151): warning:  #3731-D: intrinsic is deprecated
        rt_dec (&p_MCB->count);
mbed-rtos/rtx/rt_Mailbox.c(214): warning:  #3731-D: intrinsic is deprecated
      rt_dec (&p_MCB->count);
mbed-rtos/rtx/rt_Mailbox.c(214): warning:  #3731-D: intrinsic is deprecated
      rt_dec (&p_MCB->count);
mbed-rtos/rtx/rt_Mailbox.c(253): warning:  #3731-D: intrinsic is deprecated
        rt_inc (&p_CB->count);
mbed-rtos/rtx/rt_Mailbox.c(253): warning:  #3731-D: intrinsic is deprecated
        rt_inc (&p_CB->count);
mbed-rtos/rtx/rt_Mailbox.c(278): warning:  #3731-D: intrinsic is deprecated
          rt_inc (&p_CB->count);
mbed-rtos/rtx/rt_Mailbox.c(278): warning:  #3731-D: intrinsic is deprecated
          rt_inc (&p_CB->count);
mbed-rtos/rtx/rt_Mailbox.c: 14 warnings, 0 errors
compiling rt_Task.c...
mbed-rtos/rtx/rt_HAL_CM.h(203): warning:  #3731-D: intrinsic is deprecated
      if ((cnt = __ldrex(count)) == size) {
mbed-rtos/rtx/rt_HAL_CM.h(206): warning:  #3731-D: intrinsic is deprecated
    } while (__strex(cnt+1, count));
mbed-rtos/rtx/rt_HAL_CM.h(208): warning:  #3731-D: intrinsic is deprecated
      c2 = (cnt = __ldrex(first)) + 1;
mbed-rtos/rtx/rt_HAL_CM.h(210): warning:  #3731-D: intrinsic is deprecated
    } while (__strex(c2, first));
mbed-rtos/rtx/rt_Task.c: 4 warnings, 0 errors
compiling rt_System.c...
mbed-rtos/rtx/rt_HAL_CM.h(203): warning:  #3731-D: intrinsic is deprecated
      if ((cnt = __ldrex(count)) == size) {
mbed-rtos/rtx/rt_HAL_CM.h(206): warning:  #3731-D: intrinsic is deprecated
    } while (__strex(cnt+1, count));
mbed-rtos/rtx/rt_HAL_CM.h(208): warning:  #3731-D: intrinsic is deprecated
      c2 = (cnt = __ldrex(first)) + 1;
mbed-rtos/rtx/rt_HAL_CM.h(210): warning:  #3731-D: intrinsic is deprecated
    } while (__strex(c2, first));
mbed-rtos/rtx/rt_System.c(228): warning:  #3731-D: intrinsic is deprecated
      rt_dec (&os_psq->count);
mbed-rtos/rtx/rt_System.c(228): warning:  #3731-D: intrinsic is deprecated
      rt_dec (&os_psq->count);
mbed-rtos/rtx/rt_System.c: 6 warnings, 0 errors
compiling HAL_CM.c...
mbed-rtos/rtx/rt_HAL_CM.h(203): warning:  #3731-D: intrinsic is deprecated
      if ((cnt = __ldrex(count)) == size) {
mbed-rtos/rtx/rt_HAL_CM.h(206): warning:  #3731-D: intrinsic is deprecated
    } while (__strex(cnt+1, count));
mbed-rtos/rtx/rt_HAL_CM.h(208): warning:  #3731-D: intrinsic is deprecated
      c2 = (cnt = __ldrex(first)) + 1;
mbed-rtos/rtx/rt_HAL_CM.h(210): warning:  #3731-D: intrinsic is deprecated
    } while (__strex(c2, first));
mbed-rtos/rtx/HAL_CM.c: 4 warnings, 0 errors
compiling rt_Robin.c...
mbed-rtos/rtx/rt_HAL_CM.h(203): warning:  #3731-D: intrinsic is deprecated
      if ((cnt = __ldrex(count)) == size) {
mbed-rtos/rtx/rt_HAL_CM.h(206): warning:  #3731-D: intrinsic is deprecated
    } while (__strex(cnt+1, count));
mbed-rtos/rtx/rt_HAL_CM.h(208): warning:  #3731-D: intrinsic is deprecated
      c2 = (cnt = __ldrex(first)) + 1;
mbed-rtos/rtx/rt_HAL_CM.h(210): warning:  #3731-D: intrinsic is deprecated
    } while (__strex(c2, first));
mbed-rtos/rtx/rt_Robin.c: 4 warnings, 0 errors
compiling rt_CMSIS.c...
mbed-rtos/rtx/rt_HAL_CM.h(203): warning:  #3731-D: intrinsic is deprecated
      if ((cnt = __ldrex(count)) == size) {
mbed-rtos/rtx/rt_HAL_CM.h(206): warning:  #3731-D: intrinsic is deprecated
    } while (__strex(cnt+1, count));
mbed-rtos/rtx/rt_HAL_CM.h(208): warning:  #3731-D: intrinsic is deprecated
      c2 = (cnt = __ldrex(first)) + 1;
mbed-rtos/rtx/rt_HAL_CM.h(210): warning:  #3731-D: intrinsic is deprecated
    } while (__strex(c2, first));
mbed-rtos/rtx/rt_CMSIS.c: 4 warnings, 0 errors
compiling rt_MemBox.c...
mbed-rtos/rtx/rt_HAL_CM.h(203): warning:  #3731-D: intrinsic is deprecated
      if ((cnt = __ldrex(count)) == size) {
mbed-rtos/rtx/rt_HAL_CM.h(206): warning:  #3731-D: intrinsic is deprecated
    } while (__strex(cnt+1, count));
mbed-rtos/rtx/rt_HAL_CM.h(208): warning:  #3731-D: intrinsic is deprecated
      c2 = (cnt = __ldrex(first)) + 1;
mbed-rtos/rtx/rt_HAL_CM.h(210): warning:  #3731-D: intrinsic is deprecated
    } while (__strex(c2, first));
mbed-rtos/rtx/rt_MemBox.c(108): warning:  #3731-D: intrinsic is deprecated
      if ((free = (void **)__ldrex(&((P_BM) box_mem)->free)) == 0) {
mbed-rtos/rtx/rt_MemBox.c(112): warning:  #3731-D: intrinsic is deprecated
    } while (__strex((U32)*free, &((P_BM) box_mem)->free));
mbed-rtos/rtx/rt_MemBox.c(157): warning:  #3731-D: intrinsic is deprecated
      *((void **)box) = (void *)__ldrex(&((P_BM) box_mem)->free);
mbed-rtos/rtx/rt_MemBox.c(158): warning:  #3731-D: intrinsic is deprecated
    } while (__strex ((U32)box, &((P_BM) box_mem)->free));
mbed-rtos/rtx/rt_MemBox.c: 8 warnings, 0 errors
compiling RTX_Conf_CM.c...
compiling rt_Event.c...
mbed-rtos/rtx/rt_HAL_CM.h(203): warning:  #3731-D: intrinsic is deprecated
      if ((cnt = __ldrex(count)) == size) {
mbed-rtos/rtx/rt_HAL_CM.h(206): warning:  #3731-D: intrinsic is deprecated
    } while (__strex(cnt+1, count));
mbed-rtos/rtx/rt_HAL_CM.h(208): warning:  #3731-D: intrinsic is deprecated
      c2 = (cnt = __ldrex(first)) + 1;
mbed-rtos/rtx/rt_HAL_CM.h(210): warning:  #3731-D: intrinsic is deprecated
    } while (__strex(c2, first));
mbed-rtos/rtx/rt_Event.c: 4 warnings, 0 errors
compiling rt_Mutex.c...
mbed-rtos/rtx/rt_HAL_CM.h(203): warning:  #3731-D: intrinsic is deprecated
      if ((cnt = __ldrex(count)) == size) {
mbed-rtos/rtx/rt_HAL_CM.h(206): warning:  #3731-D: intrinsic is deprecated
    } while (__strex(cnt+1, count));
mbed-rtos/rtx/rt_HAL_CM.h(208): warning:  #3731-D: intrinsic is deprecated
      c2 = (cnt = __ldrex(first)) + 1;
mbed-rtos/rtx/rt_HAL_CM.h(210): warning:  #3731-D: intrinsic is deprecated
    } while (__strex(c2, first));
mbed-rtos/rtx/rt_Mutex.c: 4 warnings, 0 errors
compiling Thread.cpp...
compiling RtosTimer.cpp...
compiling Semaphore.cpp...
compiling Mutex.cpp...
assembling SVC_Table.s...
compiling HAL_CM4.c...
.\mbed-rtos\rtx\rt_HAL_CM.h(203): warning:  #3731-D: intrinsic is deprecated
      if ((cnt = __ldrex(count)) == size) {
.\mbed-rtos\rtx\rt_HAL_CM.h(206): warning:  #3731-D: intrinsic is deprecated
    } while (__strex(cnt+1, count));
.\mbed-rtos\rtx\rt_HAL_CM.h(208): warning:  #3731-D: intrinsic is deprecated
      c2 = (cnt = __ldrex(first)) + 1;
.\mbed-rtos\rtx\rt_HAL_CM.h(210): warning:  #3731-D: intrinsic is deprecated
    } while (__strex(c2, first));
mbed-rtos\rtx\TARGET_M4\TOOLCHAIN_ARM\HAL_CM4.c: 4 warnings, 0 errors
compiling DS1631.cpp...
C:\Users\Sankalp\AppData\Local\Arm\Packs\Keil\STM32F4xx_DFP\2.15.0\Drivers\CMSIS\Device\ST\STM32F4xx\Include\stm32f401xc.h(52): warning:  #47-D: incompatible redefinition of macro "__FPU_PRESENT" 
  #define __FPU_PRESENT             1U       /*!< FPU present                                   */
src\DS1631.cpp: 1 warning, 0 errors
compiling NHD_0216HZ.cpp...
C:\Users\Sankalp\AppData\Local\Arm\Packs\Keil\STM32F4xx_DFP\2.15.0\Drivers\CMSIS\Device\ST\STM32F4xx\Include\stm32f401xc.h(52): warning:  #47-D: incompatible redefinition of macro "__FPU_PRESENT" 
  #define __FPU_PRESENT             1U       /*!< FPU present                                   */
src\NHD_0216HZ.cpp: 1 warning, 0 errors
compiling main.cpp...
C:\Users\Sankalp\AppData\Local\Arm\Packs\Keil\STM32F4xx_DFP\2.15.0\Drivers\CMSIS\Device\ST\STM32F4xx\Include\stm32f401xc.h(52): warning:  #47-D: incompatible redefinition of macro "__FPU_PRESENT" 
  #define __FPU_PRESENT             1U       /*!< FPU present                                   */
src\main.cpp: 1 warning, 0 errors
linking...
Program Size: Code=13000 RO-data=480 RW-data=204 ZI-data=1464  
".\build\RTOS.axf" - 0 Error(s), 67 Warning(s).

<h2>Software Packages used:</h2>

Package Vendor: ARM
                http://www.keil.com/pack/ARM.CMSIS.5.6.0.pack
                ARM.CMSIS.5.6.0
                CMSIS (Cortex Microcontroller Software Interface Standard)
   * Component: CORE Version: 5.3.0

Package Vendor: Keil
                http://www.keil.com/pack/Keil.STM32F4xx_DFP.2.15.0.pack
                Keil.STM32F4xx_DFP.2.15.0
                STMicroelectronics STM32F4 Series Device Support, Drivers and Examples

<h2>Collection of Component include folders:</h2>
  .\RTE\_mbed_NUCLEO_F401RE
  C:\Users\Sankalp\AppData\Local\Arm\Packs\ARM\CMSIS\5.6.0\CMSIS\Core\Include
  C:\Users\Sankalp\AppData\Local\Arm\Packs\Keil\STM32F4xx_DFP\2.15.0\Drivers\CMSIS\Device\ST\STM32F4xx\Include

<h2>Collection of Component Files used:</h2>

   * Component: ARM::CMSIS:CORE:5.3.0
Build Time Elapsed:  00:00:03
</pre>
</body>
</html>
