<!doctype html public "-//w3c//dtd html 4.0 transitional//en">
<html><head>
<title>Static Call Graph - [.\build\RTOS.axf]</title></head>
<body><HR>
<H1>Static Call Graph for image .\build\RTOS.axf</H1><HR>
<BR><P>#&#060CALLGRAPH&#062# ARM Linker, 5060750: Last Updated: Mon Oct 18 10:02:09 2021
<BR><P>
<H3>Maximum Stack Usage =        232 bytes + Unknown(Cycles, Untraceable Function Pointers)</H3><H3>
Call chain for Maximum Stack Depth:</H3>
SystemInit &rArr; SetSysClock_PLL_HSE &rArr; HAL_RCC_ClockConfig &rArr; HAL_InitTick &rArr; NVIC_SetVector &rArr; __aeabi_memmove4
<P>
<H3>
Mutually Recursive functions
</H3> <LI><a href="#[a]">NMI_Handler</a>&nbsp;&nbsp;&nbsp;&rArr;&nbsp;&nbsp;&nbsp;<a href="#[a]">NMI_Handler</a><BR>
 <LI><a href="#[b]">HardFault_Handler</a>&nbsp;&nbsp;&nbsp;&rArr;&nbsp;&nbsp;&nbsp;<a href="#[b]">HardFault_Handler</a><BR>
 <LI><a href="#[c]">MemManage_Handler</a>&nbsp;&nbsp;&nbsp;&rArr;&nbsp;&nbsp;&nbsp;<a href="#[c]">MemManage_Handler</a><BR>
 <LI><a href="#[d]">BusFault_Handler</a>&nbsp;&nbsp;&nbsp;&rArr;&nbsp;&nbsp;&nbsp;<a href="#[d]">BusFault_Handler</a><BR>
 <LI><a href="#[e]">UsageFault_Handler</a>&nbsp;&nbsp;&nbsp;&rArr;&nbsp;&nbsp;&nbsp;<a href="#[e]">UsageFault_Handler</a><BR>
 <LI><a href="#[10]">DebugMon_Handler</a>&nbsp;&nbsp;&nbsp;&rArr;&nbsp;&nbsp;&nbsp;<a href="#[10]">DebugMon_Handler</a><BR>
 <LI><a href="#[25]">ADC_IRQHandler</a>&nbsp;&nbsp;&nbsp;&rArr;&nbsp;&nbsp;&nbsp;<a href="#[25]">ADC_IRQHandler</a><BR>
</UL>
<P>
<H3>
Function Pointers
</H3><UL>
 <LI><a href="#[25]">ADC_IRQHandler</a> from startup_stm32f401xe.o(.text) referenced from startup_stm32f401xe.o(RESET)
 <LI><a href="#[d]">BusFault_Handler</a> from startup_stm32f401xe.o(.text) referenced from startup_stm32f401xe.o(RESET)
 <LI><a href="#[1e]">DMA1_Stream0_IRQHandler</a> from startup_stm32f401xe.o(.text) referenced from startup_stm32f401xe.o(RESET)
 <LI><a href="#[1f]">DMA1_Stream1_IRQHandler</a> from startup_stm32f401xe.o(.text) referenced from startup_stm32f401xe.o(RESET)
 <LI><a href="#[20]">DMA1_Stream2_IRQHandler</a> from startup_stm32f401xe.o(.text) referenced from startup_stm32f401xe.o(RESET)
 <LI><a href="#[21]">DMA1_Stream3_IRQHandler</a> from startup_stm32f401xe.o(.text) referenced from startup_stm32f401xe.o(RESET)
 <LI><a href="#[22]">DMA1_Stream4_IRQHandler</a> from startup_stm32f401xe.o(.text) referenced from startup_stm32f401xe.o(RESET)
 <LI><a href="#[23]">DMA1_Stream5_IRQHandler</a> from startup_stm32f401xe.o(.text) referenced from startup_stm32f401xe.o(RESET)
 <LI><a href="#[24]">DMA1_Stream6_IRQHandler</a> from startup_stm32f401xe.o(.text) referenced from startup_stm32f401xe.o(RESET)
 <LI><a href="#[39]">DMA1_Stream7_IRQHandler</a> from startup_stm32f401xe.o(.text) referenced from startup_stm32f401xe.o(RESET)
 <LI><a href="#[3d]">DMA2_Stream0_IRQHandler</a> from startup_stm32f401xe.o(.text) referenced from startup_stm32f401xe.o(RESET)
 <LI><a href="#[3e]">DMA2_Stream1_IRQHandler</a> from startup_stm32f401xe.o(.text) referenced from startup_stm32f401xe.o(RESET)
 <LI><a href="#[3f]">DMA2_Stream2_IRQHandler</a> from startup_stm32f401xe.o(.text) referenced from startup_stm32f401xe.o(RESET)
 <LI><a href="#[40]">DMA2_Stream3_IRQHandler</a> from startup_stm32f401xe.o(.text) referenced from startup_stm32f401xe.o(RESET)
 <LI><a href="#[41]">DMA2_Stream4_IRQHandler</a> from startup_stm32f401xe.o(.text) referenced from startup_stm32f401xe.o(RESET)
 <LI><a href="#[43]">DMA2_Stream5_IRQHandler</a> from startup_stm32f401xe.o(.text) referenced from startup_stm32f401xe.o(RESET)
 <LI><a href="#[44]">DMA2_Stream6_IRQHandler</a> from startup_stm32f401xe.o(.text) referenced from startup_stm32f401xe.o(RESET)
 <LI><a href="#[45]">DMA2_Stream7_IRQHandler</a> from startup_stm32f401xe.o(.text) referenced from startup_stm32f401xe.o(RESET)
 <LI><a href="#[10]">DebugMon_Handler</a> from startup_stm32f401xe.o(.text) referenced from startup_stm32f401xe.o(RESET)
 <LI><a href="#[19]">EXTI0_IRQHandler</a> from startup_stm32f401xe.o(.text) referenced from startup_stm32f401xe.o(RESET)
 <LI><a href="#[36]">EXTI15_10_IRQHandler</a> from startup_stm32f401xe.o(.text) referenced from startup_stm32f401xe.o(RESET)
 <LI><a href="#[1a]">EXTI1_IRQHandler</a> from startup_stm32f401xe.o(.text) referenced from startup_stm32f401xe.o(RESET)
 <LI><a href="#[1b]">EXTI2_IRQHandler</a> from startup_stm32f401xe.o(.text) referenced from startup_stm32f401xe.o(RESET)
 <LI><a href="#[1c]">EXTI3_IRQHandler</a> from startup_stm32f401xe.o(.text) referenced from startup_stm32f401xe.o(RESET)
 <LI><a href="#[1d]">EXTI4_IRQHandler</a> from startup_stm32f401xe.o(.text) referenced from startup_stm32f401xe.o(RESET)
 <LI><a href="#[26]">EXTI9_5_IRQHandler</a> from startup_stm32f401xe.o(.text) referenced from startup_stm32f401xe.o(RESET)
 <LI><a href="#[17]">FLASH_IRQHandler</a> from startup_stm32f401xe.o(.text) referenced from startup_stm32f401xe.o(RESET)
 <LI><a href="#[49]">FPU_IRQHandler</a> from startup_stm32f401xe.o(.text) referenced from startup_stm32f401xe.o(RESET)
 <LI><a href="#[b]">HardFault_Handler</a> from startup_stm32f401xe.o(.text) referenced from startup_stm32f401xe.o(RESET)
 <LI><a href="#[2f]">I2C1_ER_IRQHandler</a> from startup_stm32f401xe.o(.text) referenced from startup_stm32f401xe.o(RESET)
 <LI><a href="#[2e]">I2C1_EV_IRQHandler</a> from startup_stm32f401xe.o(.text) referenced from startup_stm32f401xe.o(RESET)
 <LI><a href="#[31]">I2C2_ER_IRQHandler</a> from startup_stm32f401xe.o(.text) referenced from startup_stm32f401xe.o(RESET)
 <LI><a href="#[30]">I2C2_EV_IRQHandler</a> from startup_stm32f401xe.o(.text) referenced from startup_stm32f401xe.o(RESET)
 <LI><a href="#[48]">I2C3_ER_IRQHandler</a> from startup_stm32f401xe.o(.text) referenced from startup_stm32f401xe.o(RESET)
 <LI><a href="#[47]">I2C3_EV_IRQHandler</a> from startup_stm32f401xe.o(.text) referenced from startup_stm32f401xe.o(RESET)
 <LI><a href="#[c]">MemManage_Handler</a> from startup_stm32f401xe.o(.text) referenced from startup_stm32f401xe.o(RESET)
 <LI><a href="#[a]">NMI_Handler</a> from startup_stm32f401xe.o(.text) referenced from startup_stm32f401xe.o(RESET)
 <LI><a href="#[42]">OTG_FS_IRQHandler</a> from startup_stm32f401xe.o(.text) referenced from startup_stm32f401xe.o(RESET)
 <LI><a href="#[38]">OTG_FS_WKUP_IRQHandler</a> from startup_stm32f401xe.o(.text) referenced from startup_stm32f401xe.o(RESET)
 <LI><a href="#[14]">PVD_IRQHandler</a> from startup_stm32f401xe.o(.text) referenced from startup_stm32f401xe.o(RESET)
 <LI><a href="#[11]">PendSV_Handler</a> from hal_cm4.o(.emb_text) referenced from startup_stm32f401xe.o(RESET)
 <LI><a href="#[18]">RCC_IRQHandler</a> from startup_stm32f401xe.o(.text) referenced from startup_stm32f401xe.o(RESET)
 <LI><a href="#[37]">RTC_Alarm_IRQHandler</a> from startup_stm32f401xe.o(.text) referenced from startup_stm32f401xe.o(RESET)
 <LI><a href="#[16]">RTC_WKUP_IRQHandler</a> from startup_stm32f401xe.o(.text) referenced from startup_stm32f401xe.o(RESET)
 <LI><a href="#[9]">Reset_Handler</a> from startup_stm32f401xe.o(.text) referenced from startup_stm32f401xe.o(RESET)
 <LI><a href="#[3a]">SDIO_IRQHandler</a> from startup_stm32f401xe.o(.text) referenced from startup_stm32f401xe.o(RESET)
 <LI><a href="#[32]">SPI1_IRQHandler</a> from startup_stm32f401xe.o(.text) referenced from startup_stm32f401xe.o(RESET)
 <LI><a href="#[33]">SPI2_IRQHandler</a> from startup_stm32f401xe.o(.text) referenced from startup_stm32f401xe.o(RESET)
 <LI><a href="#[3c]">SPI3_IRQHandler</a> from startup_stm32f401xe.o(.text) referenced from startup_stm32f401xe.o(RESET)
 <LI><a href="#[4a]">SPI4_IRQHandler</a> from startup_stm32f401xe.o(.text) referenced from startup_stm32f401xe.o(RESET)
 <LI><a href="#[f]">SVC_Handler</a> from hal_cm4.o(.emb_text) referenced from startup_stm32f401xe.o(RESET)
 <LI><a href="#[12]">SysTick_Handler</a> from hal_cm4.o(.emb_text) referenced from startup_stm32f401xe.o(RESET)
 <LI><a href="#[4e]">SystemInit</a> from system_stm32f4xx.o(i.SystemInit) referenced from startup_stm32f401xe.o(.text)
 <LI><a href="#[15]">TAMP_STAMP_IRQHandler</a> from startup_stm32f401xe.o(.text) referenced from startup_stm32f401xe.o(RESET)
 <LI><a href="#[27]">TIM1_BRK_TIM9_IRQHandler</a> from startup_stm32f401xe.o(.text) referenced from startup_stm32f401xe.o(RESET)
 <LI><a href="#[2a]">TIM1_CC_IRQHandler</a> from startup_stm32f401xe.o(.text) referenced from startup_stm32f401xe.o(RESET)
 <LI><a href="#[29]">TIM1_TRG_COM_TIM11_IRQHandler</a> from startup_stm32f401xe.o(.text) referenced from startup_stm32f401xe.o(RESET)
 <LI><a href="#[28]">TIM1_UP_TIM10_IRQHandler</a> from startup_stm32f401xe.o(.text) referenced from startup_stm32f401xe.o(RESET)
 <LI><a href="#[2b]">TIM2_IRQHandler</a> from startup_stm32f401xe.o(.text) referenced from startup_stm32f401xe.o(RESET)
 <LI><a href="#[2c]">TIM3_IRQHandler</a> from startup_stm32f401xe.o(.text) referenced from startup_stm32f401xe.o(RESET)
 <LI><a href="#[2d]">TIM4_IRQHandler</a> from startup_stm32f401xe.o(.text) referenced from startup_stm32f401xe.o(RESET)
 <LI><a href="#[3b]">TIM5_IRQHandler</a> from startup_stm32f401xe.o(.text) referenced from startup_stm32f401xe.o(RESET)
 <LI><a href="#[34]">USART1_IRQHandler</a> from startup_stm32f401xe.o(.text) referenced from startup_stm32f401xe.o(RESET)
 <LI><a href="#[35]">USART2_IRQHandler</a> from startup_stm32f401xe.o(.text) referenced from startup_stm32f401xe.o(RESET)
 <LI><a href="#[46]">USART6_IRQHandler</a> from startup_stm32f401xe.o(.text) referenced from startup_stm32f401xe.o(RESET)
 <LI><a href="#[e]">UsageFault_Handler</a> from startup_stm32f401xe.o(.text) referenced from startup_stm32f401xe.o(RESET)
 <LI><a href="#[13]">WWDG_IRQHandler</a> from startup_stm32f401xe.o(.text) referenced from startup_stm32f401xe.o(RESET)
 <LI><a href="#[4f]">__main</a> from entry.o(.ARM.Collect$$$$00000000) referenced from startup_stm32f401xe.o(.text)
 <LI><a href="#[52]">main</a> from retarget.o(i.$Sub$$main) referenced from rtx_conf_cm.o(.data)
 <LI><a href="#[95]">osThreadExit</a> from rt_cmsis.o(.text) referenced from rt_cmsis.o(.text)
 <LI><a href="#[51]">osTimerThread</a> from rt_cmsis.o(.text) referenced from rtx_conf_cm.o(.data)
 <LI><a href="#[4d]">os_idle_demon</a> from rtx_conf_cm.o(.text) referenced from rt_task.o(.text)
 <LI><a href="#[4b]">rt_alloc_box</a> from rt_membox.o(.text) referenced from hal_cm4.o(.emb_text)
 <LI><a href="#[4c]">rt_free_box</a> from rt_membox.o(.text) referenced from hal_cm4.o(.emb_text)
 <LI><a href="#[a5]">svcDelay</a> from rt_cmsis.o(.text) referenced from rt_cmsis.o(.text)
 <LI><a href="#[8d]">svcKernelInitialize</a> from rt_cmsis.o(.text) referenced from rt_cmsis.o(.text)
 <LI><a href="#[9c]">svcKernelRunning</a> from rt_cmsis.o(.text) referenced from rt_cmsis.o(.text)
 <LI><a href="#[98]">svcKernelStart</a> from rt_cmsis.o(.text) referenced from rt_cmsis.o(.text)
 <LI><a href="#[e6]">svcMailCreate</a> from rt_cmsis.o(.text) referenced from rt_cmsis.o(.text)
 <LI><a href="#[96]">svcMessageCreate</a> from rt_cmsis.o(.text) referenced from rt_cmsis.o(.text)
 <LI><a href="#[b6]">svcMessageGet</a> from rt_cmsis.o(.text) referenced from rt_cmsis.o(.text)
 <LI><a href="#[e3]">svcMessagePut</a> from rt_cmsis.o(.text) referenced from rt_cmsis.o(.text)
 <LI><a href="#[c5]">svcMutexCreate</a> from rt_cmsis.o(.text) referenced from rt_cmsis.o(.text)
 <LI><a href="#[cb]">svcMutexDelete</a> from rt_cmsis.o(.text) referenced from rt_cmsis.o(.text)
 <LI><a href="#[c9]">svcMutexRelease</a> from rt_cmsis.o(.text) referenced from rt_cmsis.o(.text)
 <LI><a href="#[c7]">svcMutexWait</a> from rt_cmsis.o(.text) referenced from rt_cmsis.o(.text)
 <LI><a href="#[da]">svcPoolCreate</a> from rt_cmsis.o(.text) referenced from rt_cmsis.o(.text)
 <LI><a href="#[d1]">svcSemaphoreCreate</a> from rt_cmsis.o(.text) referenced from rt_cmsis.o(.text)
 <LI><a href="#[d5]">svcSemaphoreDelete</a> from rt_cmsis.o(.text) referenced from rt_cmsis.o(.text)
 <LI><a href="#[d4]">svcSemaphoreRelease</a> from rt_cmsis.o(.text) referenced from rt_cmsis.o(.text)
 <LI><a href="#[d3]">svcSemaphoreWait</a> from rt_cmsis.o(.text) referenced from rt_cmsis.o(.text)
 <LI><a href="#[bb]">svcSignalClear</a> from rt_cmsis.o(.text) referenced from rt_cmsis.o(.text)
 <LI><a href="#[bd]">svcSignalGet</a> from rt_cmsis.o(.text) referenced from rt_cmsis.o(.text)
 <LI><a href="#[b9]">svcSignalSet</a> from rt_cmsis.o(.text) referenced from rt_cmsis.o(.text)
 <LI><a href="#[be]">svcSignalWait</a> from rt_cmsis.o(.text) referenced from rt_cmsis.o(.text)
 <LI><a href="#[93]">svcThreadCreate</a> from rt_cmsis.o(.text) referenced from rt_cmsis.o(.text)
 <LI><a href="#[8f]">svcThreadGetId</a> from rt_cmsis.o(.text) referenced 2 times from rt_cmsis.o(.text)
 <LI><a href="#[9f]">svcThreadGetPriority</a> from rt_cmsis.o(.text) referenced from rt_cmsis.o(.text)
 <LI><a href="#[9e]">svcThreadSetPriority</a> from rt_cmsis.o(.text) referenced from rt_cmsis.o(.text)
 <LI><a href="#[91]">svcThreadTerminate</a> from rt_cmsis.o(.text) referenced 2 times from rt_cmsis.o(.text)
 <LI><a href="#[9d]">svcThreadYield</a> from rt_cmsis.o(.text) referenced from rt_cmsis.o(.text)
 <LI><a href="#[af]">svcTimerCall</a> from rt_cmsis.o(.text) referenced from rt_cmsis.o(.text)
 <LI><a href="#[a8]">svcTimerCreate</a> from rt_cmsis.o(.text) referenced from rt_cmsis.o(.text)
 <LI><a href="#[ae]">svcTimerDelete</a> from rt_cmsis.o(.text) referenced from rt_cmsis.o(.text)
 <LI><a href="#[a9]">svcTimerStart</a> from rt_cmsis.o(.text) referenced from rt_cmsis.o(.text)
 <LI><a href="#[ad]">svcTimerStop</a> from rt_cmsis.o(.text) referenced from rt_cmsis.o(.text)
 <LI><a href="#[e7]">sysMailAlloc</a> from rt_cmsis.o(.text) referenced 2 times from rt_cmsis.o(.text)
 <LI><a href="#[e8]">sysMailFree</a> from rt_cmsis.o(.text) referenced from rt_cmsis.o(.text)
 <LI><a href="#[dc]">sysPoolAlloc</a> from rt_cmsis.o(.text) referenced 2 times from rt_cmsis.o(.text)
 <LI><a href="#[de]">sysPoolFree</a> from rt_cmsis.o(.text) referenced from rt_cmsis.o(.text)
 <LI><a href="#[50]">timer_irq_handler</a> from hal_tick.o(i.timer_irq_handler) referenced from hal_tick.o(i.HAL_InitTick)
</UL>
<P>
<H3>
Global Symbols
</H3>
<P><STRONG><a name="[4f]"></a>__main</STRONG> (Thumb, 0 bytes, Stack size unknown bytes, entry.o(.ARM.Collect$$$$00000000))
<BR>[Address Reference Count : 1]<UL><LI> startup_stm32f401xe.o(.text)
</UL>
<P><STRONG><a name="[10d]"></a>_main_stk</STRONG> (Thumb, 0 bytes, Stack size unknown bytes, entry2.o(.ARM.Collect$$$$00000001))

<P><STRONG><a name="[53]"></a>_main_scatterload</STRONG> (Thumb, 0 bytes, Stack size unknown bytes, entry5.o(.ARM.Collect$$$$00000004))
<BR><BR>[Calls]<UL><LI><a href="#[54]">&gt;&gt;</a>&nbsp;&nbsp;&nbsp;__scatterload
</UL>

<P><STRONG><a name="[f3]"></a>__main_after_scatterload</STRONG> (Thumb, 0 bytes, Stack size unknown bytes, entry5.o(.ARM.Collect$$$$00000004))
<BR><BR>[Called By]<UL><LI><a href="#[54]">&gt;&gt;</a>&nbsp;&nbsp;&nbsp;__scatterload
</UL>

<P><STRONG><a name="[10e]"></a>__use_full_stdio</STRONG> (Thumb, 0 bytes, Stack size unknown bytes, entry6b.o(.ARM.Collect$$$$00000006))

<P><STRONG><a name="[10f]"></a>__main_after_initio</STRONG> (Thumb, 0 bytes, Stack size 0 bytes, entry6b.o(.ARM.Collect$$$$00000006))

<P><STRONG><a name="[110]"></a>__rt_final_cpp</STRONG> (Thumb, 0 bytes, Stack size 0 bytes, entry10a.o(.ARM.Collect$$$$0000000D))

<P><STRONG><a name="[111]"></a>__rt_final_exit</STRONG> (Thumb, 0 bytes, Stack size 0 bytes, entry11a.o(.ARM.Collect$$$$0000000F))

<P><STRONG><a name="[112]"></a>_main_clock</STRONG> (Thumb, 0 bytes, Stack size 0 bytes, entry7b.o(.ARM.Collect$$$$00000008))

<P><STRONG><a name="[113]"></a>_main_cpp_init</STRONG> (Thumb, 0 bytes, Stack size 0 bytes, entry8b.o(.ARM.Collect$$$$0000000A))

<P><STRONG><a name="[55]"></a>_main_init</STRONG> (Thumb, 22 bytes, Stack size 0 bytes, rtx_conf_cm.o(.ARM.Collect$$$$000000FF))
<BR><BR>[Stack]<UL><LI>Max Depth = 120<LI>Call Chain = _main_init &rArr; osThreadCreate &rArr; svcThreadCreate &rArr; sysThreadError &rArr; mbed_die &rArr; wait_ms &rArr; us_ticker_read &rArr; HAL_InitTick &rArr; NVIC_SetVector &rArr; __aeabi_memmove4
</UL>
<BR>[Calls]<UL><LI><a href="#[57]">&gt;&gt;</a>&nbsp;&nbsp;&nbsp;set_main_stack
<LI><a href="#[58]">&gt;&gt;</a>&nbsp;&nbsp;&nbsp;osThreadCreate
<LI><a href="#[59]">&gt;&gt;</a>&nbsp;&nbsp;&nbsp;osKernelStart
<LI><a href="#[56]">&gt;&gt;</a>&nbsp;&nbsp;&nbsp;osKernelInitialize
</UL>

<P><STRONG><a name="[114]"></a>rt_set_PSP</STRONG> (Thumb, 6 bytes, Stack size 0 bytes, hal_cm4.o(.emb_text), UNUSED)

<P><STRONG><a name="[6d]"></a>rt_get_PSP</STRONG> (Thumb, 6 bytes, Stack size 0 bytes, hal_cm4.o(.emb_text))
<BR><BR>[Called By]<UL><LI><a href="#[6c]">&gt;&gt;</a>&nbsp;&nbsp;&nbsp;rt_tsk_delete
</UL>

<P><STRONG><a name="[115]"></a>os_set_env</STRONG> (Thumb, 24 bytes, Stack size 0 bytes, hal_cm4.o(.emb_text), UNUSED)

<P><STRONG><a name="[f1]"></a>_alloc_box</STRONG> (Thumb, 28 bytes, Stack size 0 bytes, hal_cm4.o(.emb_text), UNUSED)
<BR><BR>[Called By]<UL><LI><a href="#[f0]">&gt;&gt;</a>&nbsp;&nbsp;&nbsp;_calloc_box
</UL>

<P><STRONG><a name="[116]"></a>_free_box</STRONG> (Thumb, 28 bytes, Stack size 0 bytes, hal_cm4.o(.emb_text), UNUSED)

<P><STRONG><a name="[f]"></a>SVC_Handler</STRONG> (Thumb, 148 bytes, Stack size 0 bytes, hal_cm4.o(.emb_text))
<BR><BR>[Stack]<UL><LI>Max Depth = 80<LI>Call Chain = SVC_Handler &rArr; rt_stk_check &rArr; os_error &rArr; mbed_die &rArr; wait_ms &rArr; us_ticker_read &rArr; HAL_InitTick &rArr; NVIC_SetVector &rArr; __aeabi_memmove4
</UL>
<BR>[Calls]<UL><LI><a href="#[5a]">&gt;&gt;</a>&nbsp;&nbsp;&nbsp;rt_stk_check
</UL>
<BR>[Address Reference Count : 1]<UL><LI> startup_stm32f401xe.o(RESET)
</UL>
<P><STRONG><a name="[11]"></a>PendSV_Handler</STRONG> (Thumb, 96 bytes, Stack size 0 bytes, hal_cm4.o(.emb_text))
<BR><BR>[Stack]<UL><LI>Max Depth = 112<LI>Call Chain = PendSV_Handler &rArr; rt_pop_req &rArr; rt_mbx_psh &rArr; os_error &rArr; mbed_die &rArr; wait_ms &rArr; us_ticker_read &rArr; HAL_InitTick &rArr; NVIC_SetVector &rArr; __aeabi_memmove4
</UL>
<BR>[Calls]<UL><LI><a href="#[5b]">&gt;&gt;</a>&nbsp;&nbsp;&nbsp;rt_pop_req
<LI><a href="#[5a]">&gt;&gt;</a>&nbsp;&nbsp;&nbsp;rt_stk_check
</UL>
<BR>[Address Reference Count : 1]<UL><LI> startup_stm32f401xe.o(RESET)
</UL>
<P><STRONG><a name="[12]"></a>SysTick_Handler</STRONG> (Thumb, 8 bytes, Stack size 0 bytes, hal_cm4.o(.emb_text))
<BR><BR>[Stack]<UL><LI>Max Depth = 152<LI>Call Chain = SysTick_Handler &rArr; rt_systick &rArr; sysTimerTick &rArr; isrMessagePut &rArr; isr_mbx_send &rArr; rt_psq_enq &rArr; os_error &rArr; mbed_die &rArr; wait_ms &rArr; us_ticker_read &rArr; HAL_InitTick &rArr; NVIC_SetVector &rArr; __aeabi_memmove4
</UL>
<BR>[Calls]<UL><LI><a href="#[5c]">&gt;&gt;</a>&nbsp;&nbsp;&nbsp;rt_systick
</UL>
<BR>[Address Reference Count : 1]<UL><LI> startup_stm32f401xe.o(RESET)
</UL>
<P><STRONG><a name="[5d]"></a>OS_Tick_Handler</STRONG> (Thumb, 12 bytes, Stack size 0 bytes, hal_cm4.o(.emb_text), UNUSED)
<BR><BR>[Calls]<UL><LI><a href="#[5e]">&gt;&gt;</a>&nbsp;&nbsp;&nbsp;os_tick_irqack
<LI><a href="#[5c]">&gt;&gt;</a>&nbsp;&nbsp;&nbsp;rt_systick
</UL>

<P><STRONG><a name="[94]"></a>rt_get_TID</STRONG> (Thumb, 32 bytes, Stack size 0 bytes, rt_task.o(.text))
<BR><BR>[Called By]<UL><LI><a href="#[93]">&gt;&gt;</a>&nbsp;&nbsp;&nbsp;svcThreadCreate
</UL>

<P><STRONG><a name="[5f]"></a>rt_init_context</STRONG> (Thumb, 50 bytes, Stack size 16 bytes, rt_task.o(.text))
<BR><BR>[Stack]<UL><LI>Max Depth = 32<LI>Call Chain = rt_init_context &rArr; rt_init_stack
</UL>
<BR>[Calls]<UL><LI><a href="#[60]">&gt;&gt;</a>&nbsp;&nbsp;&nbsp;rt_init_stack
</UL>
<BR>[Called By]<UL><LI><a href="#[93]">&gt;&gt;</a>&nbsp;&nbsp;&nbsp;svcThreadCreate
<LI><a href="#[70]">&gt;&gt;</a>&nbsp;&nbsp;&nbsp;rt_sys_init
</UL>

<P><STRONG><a name="[63]"></a>rt_switch_req</STRONG> (Thumb, 10 bytes, Stack size 0 bytes, rt_task.o(.text))
<BR><BR>[Called By]<UL><LI><a href="#[5c]">&gt;&gt;</a>&nbsp;&nbsp;&nbsp;rt_systick
<LI><a href="#[5b]">&gt;&gt;</a>&nbsp;&nbsp;&nbsp;rt_pop_req
<LI><a href="#[76]">&gt;&gt;</a>&nbsp;&nbsp;&nbsp;rt_resume
<LI><a href="#[68]">&gt;&gt;</a>&nbsp;&nbsp;&nbsp;rt_tsk_pass
<LI><a href="#[66]">&gt;&gt;</a>&nbsp;&nbsp;&nbsp;rt_block
<LI><a href="#[61]">&gt;&gt;</a>&nbsp;&nbsp;&nbsp;rt_dispatch
</UL>

<P><STRONG><a name="[61]"></a>rt_dispatch</STRONG> (Thumb, 72 bytes, Stack size 8 bytes, rt_task.o(.text))
<BR><BR>[Stack]<UL><LI>Max Depth = 20<LI>Call Chain = rt_dispatch &rArr; rt_put_prio
</UL>
<BR>[Calls]<UL><LI><a href="#[64]">&gt;&gt;</a>&nbsp;&nbsp;&nbsp;rt_put_rdy_first
<LI><a href="#[65]">&gt;&gt;</a>&nbsp;&nbsp;&nbsp;rt_put_prio
<LI><a href="#[62]">&gt;&gt;</a>&nbsp;&nbsp;&nbsp;rt_get_first
<LI><a href="#[63]">&gt;&gt;</a>&nbsp;&nbsp;&nbsp;rt_switch_req
</UL>
<BR>[Called By]<UL><LI><a href="#[ca]">&gt;&gt;</a>&nbsp;&nbsp;&nbsp;rt_mut_release
<LI><a href="#[cc]">&gt;&gt;</a>&nbsp;&nbsp;&nbsp;rt_mut_delete
<LI><a href="#[ba]">&gt;&gt;</a>&nbsp;&nbsp;&nbsp;rt_evt_set
<LI><a href="#[e8]">&gt;&gt;</a>&nbsp;&nbsp;&nbsp;sysMailFree
<LI><a href="#[93]">&gt;&gt;</a>&nbsp;&nbsp;&nbsp;svcThreadCreate
<LI><a href="#[8a]">&gt;&gt;</a>&nbsp;&nbsp;&nbsp;rt_mbx_wait
<LI><a href="#[88]">&gt;&gt;</a>&nbsp;&nbsp;&nbsp;rt_mbx_send
<LI><a href="#[84]">&gt;&gt;</a>&nbsp;&nbsp;&nbsp;rt_sem_send
<LI><a href="#[82]">&gt;&gt;</a>&nbsp;&nbsp;&nbsp;rt_sem_delete
<LI><a href="#[6c]">&gt;&gt;</a>&nbsp;&nbsp;&nbsp;rt_tsk_delete
<LI><a href="#[6a]">&gt;&gt;</a>&nbsp;&nbsp;&nbsp;rt_tsk_prio
</UL>

<P><STRONG><a name="[66]"></a>rt_block</STRONG> (Thumb, 48 bytes, Stack size 16 bytes, rt_task.o(.text))
<BR><BR>[Stack]<UL><LI>Max Depth = 32<LI>Call Chain = rt_block &rArr; rt_put_dly
</UL>
<BR>[Calls]<UL><LI><a href="#[67]">&gt;&gt;</a>&nbsp;&nbsp;&nbsp;rt_put_dly
<LI><a href="#[62]">&gt;&gt;</a>&nbsp;&nbsp;&nbsp;rt_get_first
<LI><a href="#[63]">&gt;&gt;</a>&nbsp;&nbsp;&nbsp;rt_switch_req
</UL>
<BR>[Called By]<UL><LI><a href="#[c8]">&gt;&gt;</a>&nbsp;&nbsp;&nbsp;rt_mut_wait
<LI><a href="#[bf]">&gt;&gt;</a>&nbsp;&nbsp;&nbsp;rt_evt_wait
<LI><a href="#[e7]">&gt;&gt;</a>&nbsp;&nbsp;&nbsp;sysMailAlloc
<LI><a href="#[8a]">&gt;&gt;</a>&nbsp;&nbsp;&nbsp;rt_mbx_wait
<LI><a href="#[88]">&gt;&gt;</a>&nbsp;&nbsp;&nbsp;rt_mbx_send
<LI><a href="#[85]">&gt;&gt;</a>&nbsp;&nbsp;&nbsp;rt_sem_wait
<LI><a href="#[81]">&gt;&gt;</a>&nbsp;&nbsp;&nbsp;rt_itv_wait
<LI><a href="#[80]">&gt;&gt;</a>&nbsp;&nbsp;&nbsp;rt_dly_wait
</UL>

<P><STRONG><a name="[68]"></a>rt_tsk_pass</STRONG> (Thumb, 36 bytes, Stack size 8 bytes, rt_task.o(.text))
<BR><BR>[Stack]<UL><LI>Max Depth = 20<LI>Call Chain = rt_tsk_pass &rArr; rt_put_prio
</UL>
<BR>[Calls]<UL><LI><a href="#[65]">&gt;&gt;</a>&nbsp;&nbsp;&nbsp;rt_put_prio
<LI><a href="#[69]">&gt;&gt;</a>&nbsp;&nbsp;&nbsp;rt_get_same_rdy_prio
<LI><a href="#[63]">&gt;&gt;</a>&nbsp;&nbsp;&nbsp;rt_switch_req
</UL>
<BR>[Called By]<UL><LI><a href="#[9d]">&gt;&gt;</a>&nbsp;&nbsp;&nbsp;svcThreadYield
</UL>

<P><STRONG><a name="[90]"></a>rt_tsk_self</STRONG> (Thumb, 18 bytes, Stack size 0 bytes, rt_task.o(.text))
<BR><BR>[Called By]<UL><LI><a href="#[8f]">&gt;&gt;</a>&nbsp;&nbsp;&nbsp;svcThreadGetId
</UL>

<P><STRONG><a name="[6a]"></a>rt_tsk_prio</STRONG> (Thumb, 126 bytes, Stack size 16 bytes, rt_task.o(.text))
<BR><BR>[Stack]<UL><LI>Max Depth = 40<LI>Call Chain = rt_tsk_prio &rArr; rt_resort_prio &rArr; rt_put_prio
</UL>
<BR>[Calls]<UL><LI><a href="#[6b]">&gt;&gt;</a>&nbsp;&nbsp;&nbsp;rt_resort_prio
<LI><a href="#[65]">&gt;&gt;</a>&nbsp;&nbsp;&nbsp;rt_put_prio
<LI><a href="#[62]">&gt;&gt;</a>&nbsp;&nbsp;&nbsp;rt_get_first
<LI><a href="#[61]">&gt;&gt;</a>&nbsp;&nbsp;&nbsp;rt_dispatch
</UL>
<BR>[Called By]<UL><LI><a href="#[9e]">&gt;&gt;</a>&nbsp;&nbsp;&nbsp;svcThreadSetPriority
<LI><a href="#[98]">&gt;&gt;</a>&nbsp;&nbsp;&nbsp;svcKernelStart
</UL>

<P><STRONG><a name="[6c]"></a>rt_tsk_delete</STRONG> (Thumb, 132 bytes, Stack size 16 bytes, rt_task.o(.text))
<BR><BR>[Stack]<UL><LI>Max Depth = 96<LI>Call Chain = rt_tsk_delete &rArr; rt_stk_check &rArr; os_error &rArr; mbed_die &rArr; wait_ms &rArr; us_ticker_read &rArr; HAL_InitTick &rArr; NVIC_SetVector &rArr; __aeabi_memmove4
</UL>
<BR>[Calls]<UL><LI><a href="#[5a]">&gt;&gt;</a>&nbsp;&nbsp;&nbsp;rt_stk_check
<LI><a href="#[6e]">&gt;&gt;</a>&nbsp;&nbsp;&nbsp;rt_rmv_list
<LI><a href="#[6f]">&gt;&gt;</a>&nbsp;&nbsp;&nbsp;rt_rmv_dly
<LI><a href="#[6d]">&gt;&gt;</a>&nbsp;&nbsp;&nbsp;rt_get_PSP
<LI><a href="#[61]">&gt;&gt;</a>&nbsp;&nbsp;&nbsp;rt_dispatch
</UL>
<BR>[Called By]<UL><LI><a href="#[91]">&gt;&gt;</a>&nbsp;&nbsp;&nbsp;svcThreadTerminate
</UL>

<P><STRONG><a name="[70]"></a>rt_sys_init</STRONG> (Thumb, 182 bytes, Stack size 8 bytes, rt_task.o(.text))
<BR><BR>[Stack]<UL><LI>Max Depth = 40<LI>Call Chain = rt_sys_init &rArr; rt_init_context &rArr; rt_init_stack
</UL>
<BR>[Calls]<UL><LI><a href="#[71]">&gt;&gt;</a>&nbsp;&nbsp;&nbsp;rt_init_robin
<LI><a href="#[5f]">&gt;&gt;</a>&nbsp;&nbsp;&nbsp;rt_init_context
</UL>
<BR>[Called By]<UL><LI><a href="#[8d]">&gt;&gt;</a>&nbsp;&nbsp;&nbsp;svcKernelInitialize
</UL>

<P><STRONG><a name="[72]"></a>rt_sys_start</STRONG> (Thumb, 62 bytes, Stack size 8 bytes, rt_task.o(.text))
<BR><BR>[Stack]<UL><LI>Max Depth = 8<LI>Call Chain = rt_sys_start
</UL>
<BR>[Calls]<UL><LI><a href="#[73]">&gt;&gt;</a>&nbsp;&nbsp;&nbsp;os_tick_init
</UL>
<BR>[Called By]<UL><LI><a href="#[98]">&gt;&gt;</a>&nbsp;&nbsp;&nbsp;svcKernelStart
</UL>

<P><STRONG><a name="[75]"></a>rt_tsk_lock</STRONG> (Thumb, 98 bytes, Stack size 0 bytes, rt_system.o(.text), UNUSED)
<BR><BR>[Called By]<UL><LI><a href="#[74]">&gt;&gt;</a>&nbsp;&nbsp;&nbsp;rt_suspend
</UL>

<P><STRONG><a name="[74]"></a>rt_suspend</STRONG> (Thumb, 24 bytes, Stack size 4 bytes, rt_system.o(.text), UNUSED)
<BR><BR>[Calls]<UL><LI><a href="#[75]">&gt;&gt;</a>&nbsp;&nbsp;&nbsp;rt_tsk_lock
</UL>

<P><STRONG><a name="[78]"></a>rt_tsk_unlock</STRONG> (Thumb, 106 bytes, Stack size 0 bytes, rt_system.o(.text), UNUSED)
<BR><BR>[Called By]<UL><LI><a href="#[76]">&gt;&gt;</a>&nbsp;&nbsp;&nbsp;rt_resume
</UL>

<P><STRONG><a name="[76]"></a>rt_resume</STRONG> (Thumb, 152 bytes, Stack size 16 bytes, rt_system.o(.text), UNUSED)
<BR><BR>[Calls]<UL><LI><a href="#[77]">&gt;&gt;</a>&nbsp;&nbsp;&nbsp;rt_dec_dly
<LI><a href="#[78]">&gt;&gt;</a>&nbsp;&nbsp;&nbsp;rt_tsk_unlock
<LI><a href="#[64]">&gt;&gt;</a>&nbsp;&nbsp;&nbsp;rt_put_rdy_first
<LI><a href="#[62]">&gt;&gt;</a>&nbsp;&nbsp;&nbsp;rt_get_first
<LI><a href="#[63]">&gt;&gt;</a>&nbsp;&nbsp;&nbsp;rt_switch_req
</UL>

<P><STRONG><a name="[87]"></a>rt_psh_req</STRONG> (Thumb, 24 bytes, Stack size 0 bytes, rt_system.o(.text))
<BR><BR>[Called By]<UL><LI><a href="#[c1]">&gt;&gt;</a>&nbsp;&nbsp;&nbsp;isr_evt_set
<LI><a href="#[e8]">&gt;&gt;</a>&nbsp;&nbsp;&nbsp;sysMailFree
<LI><a href="#[8c]">&gt;&gt;</a>&nbsp;&nbsp;&nbsp;isr_mbx_receive
<LI><a href="#[8b]">&gt;&gt;</a>&nbsp;&nbsp;&nbsp;isr_mbx_send
<LI><a href="#[86]">&gt;&gt;</a>&nbsp;&nbsp;&nbsp;isr_sem_send
</UL>

<P><STRONG><a name="[5b]"></a>rt_pop_req</STRONG> (Thumb, 154 bytes, Stack size 16 bytes, rt_system.o(.text))
<BR><BR>[Stack]<UL><LI>Max Depth = 112<LI>Call Chain = rt_pop_req &rArr; rt_mbx_psh &rArr; os_error &rArr; mbed_die &rArr; wait_ms &rArr; us_ticker_read &rArr; HAL_InitTick &rArr; NVIC_SetVector &rArr; __aeabi_memmove4
</UL>
<BR>[Calls]<UL><LI><a href="#[7b]">&gt;&gt;</a>&nbsp;&nbsp;&nbsp;rt_sem_psh
<LI><a href="#[7a]">&gt;&gt;</a>&nbsp;&nbsp;&nbsp;rt_mbx_psh
<LI><a href="#[79]">&gt;&gt;</a>&nbsp;&nbsp;&nbsp;rt_evt_psh
<LI><a href="#[64]">&gt;&gt;</a>&nbsp;&nbsp;&nbsp;rt_put_rdy_first
<LI><a href="#[62]">&gt;&gt;</a>&nbsp;&nbsp;&nbsp;rt_get_first
<LI><a href="#[63]">&gt;&gt;</a>&nbsp;&nbsp;&nbsp;rt_switch_req
</UL>
<BR>[Called By]<UL><LI><a href="#[11]">&gt;&gt;</a>&nbsp;&nbsp;&nbsp;PendSV_Handler
</UL>

<P><STRONG><a name="[73]"></a>os_tick_init</STRONG> (Thumb, 42 bytes, Stack size 0 bytes, rt_system.o(.text))
<BR><BR>[Called By]<UL><LI><a href="#[72]">&gt;&gt;</a>&nbsp;&nbsp;&nbsp;rt_sys_start
</UL>

<P><STRONG><a name="[5e]"></a>os_tick_irqack</STRONG> (Thumb, 2 bytes, Stack size 0 bytes, rt_system.o(.text), UNUSED)
<BR><BR>[Called By]<UL><LI><a href="#[5d]">&gt;&gt;</a>&nbsp;&nbsp;&nbsp;OS_Tick_Handler
</UL>

<P><STRONG><a name="[5c]"></a>rt_systick</STRONG> (Thumb, 56 bytes, Stack size 8 bytes, rt_system.o(.text))
<BR><BR>[Stack]<UL><LI>Max Depth = 152<LI>Call Chain = rt_systick &rArr; sysTimerTick &rArr; isrMessagePut &rArr; isr_mbx_send &rArr; rt_psq_enq &rArr; os_error &rArr; mbed_die &rArr; wait_ms &rArr; us_ticker_read &rArr; HAL_InitTick &rArr; NVIC_SetVector &rArr; __aeabi_memmove4
</UL>
<BR>[Calls]<UL><LI><a href="#[7d]">&gt;&gt;</a>&nbsp;&nbsp;&nbsp;sysTimerTick
<LI><a href="#[77]">&gt;&gt;</a>&nbsp;&nbsp;&nbsp;rt_dec_dly
<LI><a href="#[7c]">&gt;&gt;</a>&nbsp;&nbsp;&nbsp;rt_chk_robin
<LI><a href="#[64]">&gt;&gt;</a>&nbsp;&nbsp;&nbsp;rt_put_rdy_first
<LI><a href="#[62]">&gt;&gt;</a>&nbsp;&nbsp;&nbsp;rt_get_first
<LI><a href="#[63]">&gt;&gt;</a>&nbsp;&nbsp;&nbsp;rt_switch_req
</UL>
<BR>[Called By]<UL><LI><a href="#[5d]">&gt;&gt;</a>&nbsp;&nbsp;&nbsp;OS_Tick_Handler
<LI><a href="#[12]">&gt;&gt;</a>&nbsp;&nbsp;&nbsp;SysTick_Handler
</UL>

<P><STRONG><a name="[5a]"></a>rt_stk_check</STRONG> (Thumb, 50 bytes, Stack size 8 bytes, rt_system.o(.text))
<BR><BR>[Stack]<UL><LI>Max Depth = 80<LI>Call Chain = rt_stk_check &rArr; os_error &rArr; mbed_die &rArr; wait_ms &rArr; us_ticker_read &rArr; HAL_InitTick &rArr; NVIC_SetVector &rArr; __aeabi_memmove4
</UL>
<BR>[Calls]<UL><LI><a href="#[7e]">&gt;&gt;</a>&nbsp;&nbsp;&nbsp;os_error
</UL>
<BR>[Called By]<UL><LI><a href="#[6c]">&gt;&gt;</a>&nbsp;&nbsp;&nbsp;rt_tsk_delete
<LI><a href="#[11]">&gt;&gt;</a>&nbsp;&nbsp;&nbsp;PendSV_Handler
<LI><a href="#[f]">&gt;&gt;</a>&nbsp;&nbsp;&nbsp;SVC_Handler
</UL>

<P><STRONG><a name="[65]"></a>rt_put_prio</STRONG> (Thumb, 64 bytes, Stack size 12 bytes, rt_list.o(.text))
<BR><BR>[Stack]<UL><LI>Max Depth = 12<LI>Call Chain = rt_put_prio
</UL>
<BR>[Called By]<UL><LI><a href="#[c8]">&gt;&gt;</a>&nbsp;&nbsp;&nbsp;rt_mut_wait
<LI><a href="#[ca]">&gt;&gt;</a>&nbsp;&nbsp;&nbsp;rt_mut_release
<LI><a href="#[cc]">&gt;&gt;</a>&nbsp;&nbsp;&nbsp;rt_mut_delete
<LI><a href="#[e7]">&gt;&gt;</a>&nbsp;&nbsp;&nbsp;sysMailAlloc
<LI><a href="#[8a]">&gt;&gt;</a>&nbsp;&nbsp;&nbsp;rt_mbx_wait
<LI><a href="#[88]">&gt;&gt;</a>&nbsp;&nbsp;&nbsp;rt_mbx_send
<LI><a href="#[85]">&gt;&gt;</a>&nbsp;&nbsp;&nbsp;rt_sem_wait
<LI><a href="#[82]">&gt;&gt;</a>&nbsp;&nbsp;&nbsp;rt_sem_delete
<LI><a href="#[7b]">&gt;&gt;</a>&nbsp;&nbsp;&nbsp;rt_sem_psh
<LI><a href="#[7a]">&gt;&gt;</a>&nbsp;&nbsp;&nbsp;rt_mbx_psh
<LI><a href="#[79]">&gt;&gt;</a>&nbsp;&nbsp;&nbsp;rt_evt_psh
<LI><a href="#[77]">&gt;&gt;</a>&nbsp;&nbsp;&nbsp;rt_dec_dly
<LI><a href="#[7c]">&gt;&gt;</a>&nbsp;&nbsp;&nbsp;rt_chk_robin
<LI><a href="#[6b]">&gt;&gt;</a>&nbsp;&nbsp;&nbsp;rt_resort_prio
<LI><a href="#[6a]">&gt;&gt;</a>&nbsp;&nbsp;&nbsp;rt_tsk_prio
<LI><a href="#[68]">&gt;&gt;</a>&nbsp;&nbsp;&nbsp;rt_tsk_pass
<LI><a href="#[61]">&gt;&gt;</a>&nbsp;&nbsp;&nbsp;rt_dispatch
</UL>

<P><STRONG><a name="[62]"></a>rt_get_first</STRONG> (Thumb, 50 bytes, Stack size 0 bytes, rt_list.o(.text))
<BR><BR>[Called By]<UL><LI><a href="#[ca]">&gt;&gt;</a>&nbsp;&nbsp;&nbsp;rt_mut_release
<LI><a href="#[cc]">&gt;&gt;</a>&nbsp;&nbsp;&nbsp;rt_mut_delete
<LI><a href="#[e8]">&gt;&gt;</a>&nbsp;&nbsp;&nbsp;sysMailFree
<LI><a href="#[8a]">&gt;&gt;</a>&nbsp;&nbsp;&nbsp;rt_mbx_wait
<LI><a href="#[88]">&gt;&gt;</a>&nbsp;&nbsp;&nbsp;rt_mbx_send
<LI><a href="#[84]">&gt;&gt;</a>&nbsp;&nbsp;&nbsp;rt_sem_send
<LI><a href="#[82]">&gt;&gt;</a>&nbsp;&nbsp;&nbsp;rt_sem_delete
<LI><a href="#[7b]">&gt;&gt;</a>&nbsp;&nbsp;&nbsp;rt_sem_psh
<LI><a href="#[7a]">&gt;&gt;</a>&nbsp;&nbsp;&nbsp;rt_mbx_psh
<LI><a href="#[7c]">&gt;&gt;</a>&nbsp;&nbsp;&nbsp;rt_chk_robin
<LI><a href="#[5c]">&gt;&gt;</a>&nbsp;&nbsp;&nbsp;rt_systick
<LI><a href="#[5b]">&gt;&gt;</a>&nbsp;&nbsp;&nbsp;rt_pop_req
<LI><a href="#[76]">&gt;&gt;</a>&nbsp;&nbsp;&nbsp;rt_resume
<LI><a href="#[6a]">&gt;&gt;</a>&nbsp;&nbsp;&nbsp;rt_tsk_prio
<LI><a href="#[66]">&gt;&gt;</a>&nbsp;&nbsp;&nbsp;rt_block
<LI><a href="#[61]">&gt;&gt;</a>&nbsp;&nbsp;&nbsp;rt_dispatch
</UL>

<P><STRONG><a name="[64]"></a>rt_put_rdy_first</STRONG> (Thumb, 16 bytes, Stack size 0 bytes, rt_list.o(.text))
<BR><BR>[Called By]<UL><LI><a href="#[5c]">&gt;&gt;</a>&nbsp;&nbsp;&nbsp;rt_systick
<LI><a href="#[5b]">&gt;&gt;</a>&nbsp;&nbsp;&nbsp;rt_pop_req
<LI><a href="#[76]">&gt;&gt;</a>&nbsp;&nbsp;&nbsp;rt_resume
<LI><a href="#[61]">&gt;&gt;</a>&nbsp;&nbsp;&nbsp;rt_dispatch
</UL>

<P><STRONG><a name="[69]"></a>rt_get_same_rdy_prio</STRONG> (Thumb, 34 bytes, Stack size 0 bytes, rt_list.o(.text))
<BR><BR>[Called By]<UL><LI><a href="#[68]">&gt;&gt;</a>&nbsp;&nbsp;&nbsp;rt_tsk_pass
</UL>

<P><STRONG><a name="[6e]"></a>rt_rmv_list</STRONG> (Thumb, 48 bytes, Stack size 0 bytes, rt_list.o(.text))
<BR><BR>[Called By]<UL><LI><a href="#[6b]">&gt;&gt;</a>&nbsp;&nbsp;&nbsp;rt_resort_prio
<LI><a href="#[6c]">&gt;&gt;</a>&nbsp;&nbsp;&nbsp;rt_tsk_delete
</UL>

<P><STRONG><a name="[6b]"></a>rt_resort_prio</STRONG> (Thumb, 48 bytes, Stack size 12 bytes, rt_list.o(.text))
<BR><BR>[Stack]<UL><LI>Max Depth = 24<LI>Call Chain = rt_resort_prio &rArr; rt_put_prio
</UL>
<BR>[Calls]<UL><LI><a href="#[6e]">&gt;&gt;</a>&nbsp;&nbsp;&nbsp;rt_rmv_list
<LI><a href="#[65]">&gt;&gt;</a>&nbsp;&nbsp;&nbsp;rt_put_prio
</UL>
<BR>[Called By]<UL><LI><a href="#[c8]">&gt;&gt;</a>&nbsp;&nbsp;&nbsp;rt_mut_wait
<LI><a href="#[cc]">&gt;&gt;</a>&nbsp;&nbsp;&nbsp;rt_mut_delete
<LI><a href="#[6a]">&gt;&gt;</a>&nbsp;&nbsp;&nbsp;rt_tsk_prio
</UL>

<P><STRONG><a name="[67]"></a>rt_put_dly</STRONG> (Thumb, 88 bytes, Stack size 16 bytes, rt_list.o(.text))
<BR><BR>[Stack]<UL><LI>Max Depth = 16<LI>Call Chain = rt_put_dly
</UL>
<BR>[Called By]<UL><LI><a href="#[66]">&gt;&gt;</a>&nbsp;&nbsp;&nbsp;rt_block
</UL>

<P><STRONG><a name="[77]"></a>rt_dec_dly</STRONG> (Thumb, 130 bytes, Stack size 8 bytes, rt_list.o(.text))
<BR><BR>[Stack]<UL><LI>Max Depth = 20<LI>Call Chain = rt_dec_dly &rArr; rt_put_prio
</UL>
<BR>[Calls]<UL><LI><a href="#[65]">&gt;&gt;</a>&nbsp;&nbsp;&nbsp;rt_put_prio
</UL>
<BR>[Called By]<UL><LI><a href="#[5c]">&gt;&gt;</a>&nbsp;&nbsp;&nbsp;rt_systick
<LI><a href="#[76]">&gt;&gt;</a>&nbsp;&nbsp;&nbsp;rt_resume
</UL>

<P><STRONG><a name="[6f]"></a>rt_rmv_dly</STRONG> (Thumb, 40 bytes, Stack size 0 bytes, rt_list.o(.text))
<BR><BR>[Called By]<UL><LI><a href="#[ca]">&gt;&gt;</a>&nbsp;&nbsp;&nbsp;rt_mut_release
<LI><a href="#[cc]">&gt;&gt;</a>&nbsp;&nbsp;&nbsp;rt_mut_delete
<LI><a href="#[ba]">&gt;&gt;</a>&nbsp;&nbsp;&nbsp;rt_evt_set
<LI><a href="#[e8]">&gt;&gt;</a>&nbsp;&nbsp;&nbsp;sysMailFree
<LI><a href="#[8a]">&gt;&gt;</a>&nbsp;&nbsp;&nbsp;rt_mbx_wait
<LI><a href="#[88]">&gt;&gt;</a>&nbsp;&nbsp;&nbsp;rt_mbx_send
<LI><a href="#[84]">&gt;&gt;</a>&nbsp;&nbsp;&nbsp;rt_sem_send
<LI><a href="#[82]">&gt;&gt;</a>&nbsp;&nbsp;&nbsp;rt_sem_delete
<LI><a href="#[7b]">&gt;&gt;</a>&nbsp;&nbsp;&nbsp;rt_sem_psh
<LI><a href="#[7a]">&gt;&gt;</a>&nbsp;&nbsp;&nbsp;rt_mbx_psh
<LI><a href="#[79]">&gt;&gt;</a>&nbsp;&nbsp;&nbsp;rt_evt_psh
<LI><a href="#[6c]">&gt;&gt;</a>&nbsp;&nbsp;&nbsp;rt_tsk_delete
</UL>

<P><STRONG><a name="[7f]"></a>rt_psq_enq</STRONG> (Thumb, 120 bytes, Stack size 24 bytes, rt_list.o(.text))
<BR><BR>[Stack]<UL><LI>Max Depth = 96<LI>Call Chain = rt_psq_enq &rArr; os_error &rArr; mbed_die &rArr; wait_ms &rArr; us_ticker_read &rArr; HAL_InitTick &rArr; NVIC_SetVector &rArr; __aeabi_memmove4
</UL>
<BR>[Calls]<UL><LI><a href="#[7e]">&gt;&gt;</a>&nbsp;&nbsp;&nbsp;os_error
</UL>
<BR>[Called By]<UL><LI><a href="#[c1]">&gt;&gt;</a>&nbsp;&nbsp;&nbsp;isr_evt_set
<LI><a href="#[e8]">&gt;&gt;</a>&nbsp;&nbsp;&nbsp;sysMailFree
<LI><a href="#[8c]">&gt;&gt;</a>&nbsp;&nbsp;&nbsp;isr_mbx_receive
<LI><a href="#[8b]">&gt;&gt;</a>&nbsp;&nbsp;&nbsp;isr_mbx_send
<LI><a href="#[86]">&gt;&gt;</a>&nbsp;&nbsp;&nbsp;isr_sem_send
</UL>

<P><STRONG><a name="[117]"></a>rt_time_get</STRONG> (Thumb, 6 bytes, Stack size 0 bytes, rt_time.o(.text), UNUSED)

<P><STRONG><a name="[80]"></a>rt_dly_wait</STRONG> (Thumb, 14 bytes, Stack size 8 bytes, rt_time.o(.text))
<BR><BR>[Stack]<UL><LI>Max Depth = 40<LI>Call Chain = rt_dly_wait &rArr; rt_block &rArr; rt_put_dly
</UL>
<BR>[Calls]<UL><LI><a href="#[66]">&gt;&gt;</a>&nbsp;&nbsp;&nbsp;rt_block
</UL>
<BR>[Called By]<UL><LI><a href="#[a5]">&gt;&gt;</a>&nbsp;&nbsp;&nbsp;svcDelay
</UL>

<P><STRONG><a name="[118]"></a>rt_itv_set</STRONG> (Thumb, 20 bytes, Stack size 0 bytes, rt_time.o(.text), UNUSED)

<P><STRONG><a name="[81]"></a>rt_itv_wait</STRONG> (Thumb, 52 bytes, Stack size 8 bytes, rt_time.o(.text), UNUSED)
<BR><BR>[Calls]<UL><LI><a href="#[66]">&gt;&gt;</a>&nbsp;&nbsp;&nbsp;rt_block
</UL>

<P><STRONG><a name="[d2]"></a>rt_sem_init</STRONG> (Thumb, 16 bytes, Stack size 0 bytes, rt_semaphore.o(.text))
<BR><BR>[Called By]<UL><LI><a href="#[d1]">&gt;&gt;</a>&nbsp;&nbsp;&nbsp;svcSemaphoreCreate
</UL>

<P><STRONG><a name="[82]"></a>rt_sem_delete</STRONG> (Thumb, 100 bytes, Stack size 16 bytes, rt_semaphore.o(.text))
<BR><BR>[Stack]<UL><LI>Max Depth = 36<LI>Call Chain = rt_sem_delete &rArr; rt_dispatch &rArr; rt_put_prio
</UL>
<BR>[Calls]<UL><LI><a href="#[83]">&gt;&gt;</a>&nbsp;&nbsp;&nbsp;rt_ret_val
<LI><a href="#[6f]">&gt;&gt;</a>&nbsp;&nbsp;&nbsp;rt_rmv_dly
<LI><a href="#[65]">&gt;&gt;</a>&nbsp;&nbsp;&nbsp;rt_put_prio
<LI><a href="#[62]">&gt;&gt;</a>&nbsp;&nbsp;&nbsp;rt_get_first
<LI><a href="#[61]">&gt;&gt;</a>&nbsp;&nbsp;&nbsp;rt_dispatch
</UL>
<BR>[Called By]<UL><LI><a href="#[d5]">&gt;&gt;</a>&nbsp;&nbsp;&nbsp;svcSemaphoreDelete
</UL>

<P><STRONG><a name="[84]"></a>rt_sem_send</STRONG> (Thumb, 50 bytes, Stack size 16 bytes, rt_semaphore.o(.text))
<BR><BR>[Stack]<UL><LI>Max Depth = 36<LI>Call Chain = rt_sem_send &rArr; rt_dispatch &rArr; rt_put_prio
</UL>
<BR>[Calls]<UL><LI><a href="#[83]">&gt;&gt;</a>&nbsp;&nbsp;&nbsp;rt_ret_val
<LI><a href="#[6f]">&gt;&gt;</a>&nbsp;&nbsp;&nbsp;rt_rmv_dly
<LI><a href="#[62]">&gt;&gt;</a>&nbsp;&nbsp;&nbsp;rt_get_first
<LI><a href="#[61]">&gt;&gt;</a>&nbsp;&nbsp;&nbsp;rt_dispatch
</UL>
<BR>[Called By]<UL><LI><a href="#[d4]">&gt;&gt;</a>&nbsp;&nbsp;&nbsp;svcSemaphoreRelease
</UL>

<P><STRONG><a name="[85]"></a>rt_sem_wait</STRONG> (Thumb, 76 bytes, Stack size 16 bytes, rt_semaphore.o(.text))
<BR><BR>[Stack]<UL><LI>Max Depth = 48<LI>Call Chain = rt_sem_wait &rArr; rt_block &rArr; rt_put_dly
</UL>
<BR>[Calls]<UL><LI><a href="#[65]">&gt;&gt;</a>&nbsp;&nbsp;&nbsp;rt_put_prio
<LI><a href="#[66]">&gt;&gt;</a>&nbsp;&nbsp;&nbsp;rt_block
</UL>
<BR>[Called By]<UL><LI><a href="#[d3]">&gt;&gt;</a>&nbsp;&nbsp;&nbsp;svcSemaphoreWait
</UL>

<P><STRONG><a name="[86]"></a>isr_sem_send</STRONG> (Thumb, 20 bytes, Stack size 16 bytes, rt_semaphore.o(.text), UNUSED)
<BR><BR>[Calls]<UL><LI><a href="#[7f]">&gt;&gt;</a>&nbsp;&nbsp;&nbsp;rt_psq_enq
<LI><a href="#[87]">&gt;&gt;</a>&nbsp;&nbsp;&nbsp;rt_psh_req
</UL>
<BR>[Called By]<UL><LI><a href="#[d8]">&gt;&gt;</a>&nbsp;&nbsp;&nbsp;osSemaphoreRelease
</UL>

<P><STRONG><a name="[7b]"></a>rt_sem_psh</STRONG> (Thumb, 52 bytes, Stack size 16 bytes, rt_semaphore.o(.text))
<BR><BR>[Stack]<UL><LI>Max Depth = 32<LI>Call Chain = rt_sem_psh &rArr; rt_ret_val
</UL>
<BR>[Calls]<UL><LI><a href="#[83]">&gt;&gt;</a>&nbsp;&nbsp;&nbsp;rt_ret_val
<LI><a href="#[6f]">&gt;&gt;</a>&nbsp;&nbsp;&nbsp;rt_rmv_dly
<LI><a href="#[65]">&gt;&gt;</a>&nbsp;&nbsp;&nbsp;rt_put_prio
<LI><a href="#[62]">&gt;&gt;</a>&nbsp;&nbsp;&nbsp;rt_get_first
</UL>
<BR>[Called By]<UL><LI><a href="#[5b]">&gt;&gt;</a>&nbsp;&nbsp;&nbsp;rt_pop_req
</UL>

<P><STRONG><a name="[97]"></a>rt_mbx_init</STRONG> (Thumb, 34 bytes, Stack size 0 bytes, rt_mailbox.o(.text))
<BR><BR>[Called By]<UL><LI><a href="#[e6]">&gt;&gt;</a>&nbsp;&nbsp;&nbsp;svcMailCreate
<LI><a href="#[96]">&gt;&gt;</a>&nbsp;&nbsp;&nbsp;svcMessageCreate
</UL>

<P><STRONG><a name="[88]"></a>rt_mbx_send</STRONG> (Thumb, 186 bytes, Stack size 24 bytes, rt_mailbox.o(.text))
<BR><BR>[Stack]<UL><LI>Max Depth = 56<LI>Call Chain = rt_mbx_send &rArr; rt_block &rArr; rt_put_dly
</UL>
<BR>[Calls]<UL><LI><a href="#[89]">&gt;&gt;</a>&nbsp;&nbsp;&nbsp;rt_ret_val2
<LI><a href="#[6f]">&gt;&gt;</a>&nbsp;&nbsp;&nbsp;rt_rmv_dly
<LI><a href="#[65]">&gt;&gt;</a>&nbsp;&nbsp;&nbsp;rt_put_prio
<LI><a href="#[62]">&gt;&gt;</a>&nbsp;&nbsp;&nbsp;rt_get_first
<LI><a href="#[66]">&gt;&gt;</a>&nbsp;&nbsp;&nbsp;rt_block
<LI><a href="#[61]">&gt;&gt;</a>&nbsp;&nbsp;&nbsp;rt_dispatch
</UL>
<BR>[Called By]<UL><LI><a href="#[e3]">&gt;&gt;</a>&nbsp;&nbsp;&nbsp;svcMessagePut
</UL>

<P><STRONG><a name="[8a]"></a>rt_mbx_wait</STRONG> (Thumb, 210 bytes, Stack size 24 bytes, rt_mailbox.o(.text))
<BR><BR>[Stack]<UL><LI>Max Depth = 56<LI>Call Chain = rt_mbx_wait &rArr; rt_block &rArr; rt_put_dly
</UL>
<BR>[Calls]<UL><LI><a href="#[83]">&gt;&gt;</a>&nbsp;&nbsp;&nbsp;rt_ret_val
<LI><a href="#[6f]">&gt;&gt;</a>&nbsp;&nbsp;&nbsp;rt_rmv_dly
<LI><a href="#[65]">&gt;&gt;</a>&nbsp;&nbsp;&nbsp;rt_put_prio
<LI><a href="#[62]">&gt;&gt;</a>&nbsp;&nbsp;&nbsp;rt_get_first
<LI><a href="#[66]">&gt;&gt;</a>&nbsp;&nbsp;&nbsp;rt_block
<LI><a href="#[61]">&gt;&gt;</a>&nbsp;&nbsp;&nbsp;rt_dispatch
</UL>
<BR>[Called By]<UL><LI><a href="#[b6]">&gt;&gt;</a>&nbsp;&nbsp;&nbsp;svcMessageGet
</UL>

<P><STRONG><a name="[b1]"></a>rt_mbx_check</STRONG> (Thumb, 12 bytes, Stack size 0 bytes, rt_mailbox.o(.text))
<BR><BR>[Called By]<UL><LI><a href="#[b0]">&gt;&gt;</a>&nbsp;&nbsp;&nbsp;isrMessagePut
</UL>

<P><STRONG><a name="[8b]"></a>isr_mbx_send</STRONG> (Thumb, 22 bytes, Stack size 16 bytes, rt_mailbox.o(.text))
<BR><BR>[Stack]<UL><LI>Max Depth = 112<LI>Call Chain = isr_mbx_send &rArr; rt_psq_enq &rArr; os_error &rArr; mbed_die &rArr; wait_ms &rArr; us_ticker_read &rArr; HAL_InitTick &rArr; NVIC_SetVector &rArr; __aeabi_memmove4
</UL>
<BR>[Calls]<UL><LI><a href="#[7f]">&gt;&gt;</a>&nbsp;&nbsp;&nbsp;rt_psq_enq
<LI><a href="#[87]">&gt;&gt;</a>&nbsp;&nbsp;&nbsp;rt_psh_req
</UL>
<BR>[Called By]<UL><LI><a href="#[b0]">&gt;&gt;</a>&nbsp;&nbsp;&nbsp;isrMessagePut
</UL>

<P><STRONG><a name="[8c]"></a>isr_mbx_receive</STRONG> (Thumb, 94 bytes, Stack size 16 bytes, rt_mailbox.o(.text))
<BR><BR>[Stack]<UL><LI>Max Depth = 112<LI>Call Chain = isr_mbx_receive &rArr; rt_psq_enq &rArr; os_error &rArr; mbed_die &rArr; wait_ms &rArr; us_ticker_read &rArr; HAL_InitTick &rArr; NVIC_SetVector &rArr; __aeabi_memmove4
</UL>
<BR>[Calls]<UL><LI><a href="#[7f]">&gt;&gt;</a>&nbsp;&nbsp;&nbsp;rt_psq_enq
<LI><a href="#[87]">&gt;&gt;</a>&nbsp;&nbsp;&nbsp;rt_psh_req
</UL>
<BR>[Called By]<UL><LI><a href="#[b7]">&gt;&gt;</a>&nbsp;&nbsp;&nbsp;osMessageGet
</UL>

<P><STRONG><a name="[7a]"></a>rt_mbx_psh</STRONG> (Thumb, 282 bytes, Stack size 24 bytes, rt_mailbox.o(.text))
<BR><BR>[Stack]<UL><LI>Max Depth = 96<LI>Call Chain = rt_mbx_psh &rArr; os_error &rArr; mbed_die &rArr; wait_ms &rArr; us_ticker_read &rArr; HAL_InitTick &rArr; NVIC_SetVector &rArr; __aeabi_memmove4
</UL>
<BR>[Calls]<UL><LI><a href="#[89]">&gt;&gt;</a>&nbsp;&nbsp;&nbsp;rt_ret_val2
<LI><a href="#[4b]">&gt;&gt;</a>&nbsp;&nbsp;&nbsp;rt_alloc_box
<LI><a href="#[83]">&gt;&gt;</a>&nbsp;&nbsp;&nbsp;rt_ret_val
<LI><a href="#[7e]">&gt;&gt;</a>&nbsp;&nbsp;&nbsp;os_error
<LI><a href="#[6f]">&gt;&gt;</a>&nbsp;&nbsp;&nbsp;rt_rmv_dly
<LI><a href="#[65]">&gt;&gt;</a>&nbsp;&nbsp;&nbsp;rt_put_prio
<LI><a href="#[62]">&gt;&gt;</a>&nbsp;&nbsp;&nbsp;rt_get_first
</UL>
<BR>[Called By]<UL><LI><a href="#[5b]">&gt;&gt;</a>&nbsp;&nbsp;&nbsp;rt_pop_req
</UL>

<P><STRONG><a name="[8d]"></a>svcKernelInitialize</STRONG> (Thumb, 40 bytes, Stack size 8 bytes, rt_cmsis.o(.text))
<BR><BR>[Stack]<UL><LI>Max Depth = 80<LI>Call Chain = svcKernelInitialize &rArr; sysThreadError &rArr; mbed_die &rArr; wait_ms &rArr; us_ticker_read &rArr; HAL_InitTick &rArr; NVIC_SetVector &rArr; __aeabi_memmove4
</UL>
<BR>[Calls]<UL><LI><a href="#[8e]">&gt;&gt;</a>&nbsp;&nbsp;&nbsp;sysThreadError
<LI><a href="#[70]">&gt;&gt;</a>&nbsp;&nbsp;&nbsp;rt_sys_init
</UL>
<BR>[Called By]<UL><LI><a href="#[56]">&gt;&gt;</a>&nbsp;&nbsp;&nbsp;osKernelInitialize
</UL>
<BR>[Address Reference Count : 1]<UL><LI> rt_cmsis.o(.text)
</UL>
<P><STRONG><a name="[8f]"></a>svcThreadGetId</STRONG> (Thumb, 24 bytes, Stack size 8 bytes, rt_cmsis.o(.text))
<BR><BR>[Stack]<UL><LI>Max Depth = 8<LI>Call Chain = svcThreadGetId
</UL>
<BR>[Calls]<UL><LI><a href="#[90]">&gt;&gt;</a>&nbsp;&nbsp;&nbsp;rt_tsk_self
</UL>
<BR>[Address Reference Count : 1]<UL><LI> rt_cmsis.o(.text)
</UL>
<P><STRONG><a name="[91]"></a>svcThreadTerminate</STRONG> (Thumb, 38 bytes, Stack size 16 bytes, rt_cmsis.o(.text))
<BR><BR>[Stack]<UL><LI>Max Depth = 112<LI>Call Chain = svcThreadTerminate &rArr; rt_tsk_delete &rArr; rt_stk_check &rArr; os_error &rArr; mbed_die &rArr; wait_ms &rArr; us_ticker_read &rArr; HAL_InitTick &rArr; NVIC_SetVector &rArr; __aeabi_memmove4
</UL>
<BR>[Calls]<UL><LI><a href="#[92]">&gt;&gt;</a>&nbsp;&nbsp;&nbsp;rt_tid2ptcb
<LI><a href="#[6c]">&gt;&gt;</a>&nbsp;&nbsp;&nbsp;rt_tsk_delete
</UL>
<BR>[Address Reference Count : 1]<UL><LI> rt_cmsis.o(.text)
</UL>
<P><STRONG><a name="[95]"></a>osThreadExit</STRONG> (Thumb, 22 bytes, Stack size 0 bytes, rt_cmsis.o(.text))
<BR>[Address Reference Count : 1]<UL><LI> rt_cmsis.o(.text)
</UL>
<P><STRONG><a name="[93]"></a>svcThreadCreate</STRONG> (Thumb, 128 bytes, Stack size 32 bytes, rt_cmsis.o(.text))
<BR><BR>[Stack]<UL><LI>Max Depth = 104<LI>Call Chain = svcThreadCreate &rArr; sysThreadError &rArr; mbed_die &rArr; wait_ms &rArr; us_ticker_read &rArr; HAL_InitTick &rArr; NVIC_SetVector &rArr; __aeabi_memmove4
</UL>
<BR>[Calls]<UL><LI><a href="#[8e]">&gt;&gt;</a>&nbsp;&nbsp;&nbsp;sysThreadError
<LI><a href="#[61]">&gt;&gt;</a>&nbsp;&nbsp;&nbsp;rt_dispatch
<LI><a href="#[5f]">&gt;&gt;</a>&nbsp;&nbsp;&nbsp;rt_init_context
<LI><a href="#[94]">&gt;&gt;</a>&nbsp;&nbsp;&nbsp;rt_get_TID
</UL>
<BR>[Called By]<UL><LI><a href="#[58]">&gt;&gt;</a>&nbsp;&nbsp;&nbsp;osThreadCreate
<LI><a href="#[98]">&gt;&gt;</a>&nbsp;&nbsp;&nbsp;svcKernelStart
</UL>
<BR>[Address Reference Count : 1]<UL><LI> rt_cmsis.o(.text)
</UL>
<P><STRONG><a name="[96]"></a>svcMessageCreate</STRONG> (Thumb, 60 bytes, Stack size 16 bytes, rt_cmsis.o(.text))
<BR><BR>[Stack]<UL><LI>Max Depth = 88<LI>Call Chain = svcMessageCreate &rArr; sysThreadError &rArr; mbed_die &rArr; wait_ms &rArr; us_ticker_read &rArr; HAL_InitTick &rArr; NVIC_SetVector &rArr; __aeabi_memmove4
</UL>
<BR>[Calls]<UL><LI><a href="#[8e]">&gt;&gt;</a>&nbsp;&nbsp;&nbsp;sysThreadError
<LI><a href="#[97]">&gt;&gt;</a>&nbsp;&nbsp;&nbsp;rt_mbx_init
</UL>
<BR>[Called By]<UL><LI><a href="#[e4]">&gt;&gt;</a>&nbsp;&nbsp;&nbsp;osMessageCreate
<LI><a href="#[98]">&gt;&gt;</a>&nbsp;&nbsp;&nbsp;svcKernelStart
</UL>
<BR>[Address Reference Count : 1]<UL><LI> rt_cmsis.o(.text)
</UL>
<P><STRONG><a name="[98]"></a>svcKernelStart</STRONG> (Thumb, 80 bytes, Stack size 8 bytes, rt_cmsis.o(.text))
<BR><BR>[Stack]<UL><LI>Max Depth = 112<LI>Call Chain = svcKernelStart &rArr; svcThreadCreate &rArr; sysThreadError &rArr; mbed_die &rArr; wait_ms &rArr; us_ticker_read &rArr; HAL_InitTick &rArr; NVIC_SetVector &rArr; __aeabi_memmove4
</UL>
<BR>[Calls]<UL><LI><a href="#[96]">&gt;&gt;</a>&nbsp;&nbsp;&nbsp;svcMessageCreate
<LI><a href="#[93]">&gt;&gt;</a>&nbsp;&nbsp;&nbsp;svcThreadCreate
<LI><a href="#[72]">&gt;&gt;</a>&nbsp;&nbsp;&nbsp;rt_sys_start
<LI><a href="#[6a]">&gt;&gt;</a>&nbsp;&nbsp;&nbsp;rt_tsk_prio
</UL>
<BR>[Address Reference Count : 1]<UL><LI> rt_cmsis.o(.text)
</UL>
<P><STRONG><a name="[9c]"></a>svcKernelRunning</STRONG> (Thumb, 6 bytes, Stack size 0 bytes, rt_cmsis.o(.text))
<BR>[Address Reference Count : 1]<UL><LI> rt_cmsis.o(.text)
</UL>
<P><STRONG><a name="[56]"></a>osKernelInitialize</STRONG> (Thumb, 40 bytes, Stack size 8 bytes, rt_cmsis.o(.text))
<BR><BR>[Stack]<UL><LI>Max Depth = 88<LI>Call Chain = osKernelInitialize &rArr; svcKernelInitialize &rArr; sysThreadError &rArr; mbed_die &rArr; wait_ms &rArr; us_ticker_read &rArr; HAL_InitTick &rArr; NVIC_SetVector &rArr; __aeabi_memmove4
</UL>
<BR>[Calls]<UL><LI><a href="#[8d]">&gt;&gt;</a>&nbsp;&nbsp;&nbsp;svcKernelInitialize
<LI><a href="#[99]">&gt;&gt;</a>&nbsp;&nbsp;&nbsp;__get_IPSR
<LI><a href="#[9a]">&gt;&gt;</a>&nbsp;&nbsp;&nbsp;__get_CONTROL
</UL>
<BR>[Called By]<UL><LI><a href="#[55]">&gt;&gt;</a>&nbsp;&nbsp;&nbsp;_main_init
</UL>

<P><STRONG><a name="[59]"></a>osKernelStart</STRONG> (Thumb, 150 bytes, Stack size 40 bytes, rt_cmsis.o(.text))
<BR><BR>[Stack]<UL><LI>Max Depth = 40<LI>Call Chain = osKernelStart
</UL>
<BR>[Calls]<UL><LI><a href="#[99]">&gt;&gt;</a>&nbsp;&nbsp;&nbsp;__get_IPSR
<LI><a href="#[9a]">&gt;&gt;</a>&nbsp;&nbsp;&nbsp;__get_CONTROL
</UL>
<BR>[Called By]<UL><LI><a href="#[55]">&gt;&gt;</a>&nbsp;&nbsp;&nbsp;_main_init
</UL>

<P><STRONG><a name="[9b]"></a>osKernelRunning</STRONG> (Thumb, 36 bytes, Stack size 8 bytes, rt_cmsis.o(.text), UNUSED)
<BR><BR>[Calls]<UL><LI><a href="#[99]">&gt;&gt;</a>&nbsp;&nbsp;&nbsp;__get_IPSR
<LI><a href="#[9a]">&gt;&gt;</a>&nbsp;&nbsp;&nbsp;__get_CONTROL
</UL>

<P><STRONG><a name="[9d]"></a>svcThreadYield</STRONG> (Thumb, 10 bytes, Stack size 8 bytes, rt_cmsis.o(.text))
<BR><BR>[Stack]<UL><LI>Max Depth = 28<LI>Call Chain = svcThreadYield &rArr; rt_tsk_pass &rArr; rt_put_prio
</UL>
<BR>[Calls]<UL><LI><a href="#[68]">&gt;&gt;</a>&nbsp;&nbsp;&nbsp;rt_tsk_pass
</UL>
<BR>[Address Reference Count : 1]<UL><LI> rt_cmsis.o(.text)
</UL>
<P><STRONG><a name="[9e]"></a>svcThreadSetPriority</STRONG> (Thumb, 62 bytes, Stack size 24 bytes, rt_cmsis.o(.text))
<BR><BR>[Stack]<UL><LI>Max Depth = 64<LI>Call Chain = svcThreadSetPriority &rArr; rt_tsk_prio &rArr; rt_resort_prio &rArr; rt_put_prio
</UL>
<BR>[Calls]<UL><LI><a href="#[92]">&gt;&gt;</a>&nbsp;&nbsp;&nbsp;rt_tid2ptcb
<LI><a href="#[6a]">&gt;&gt;</a>&nbsp;&nbsp;&nbsp;rt_tsk_prio
</UL>
<BR>[Address Reference Count : 1]<UL><LI> rt_cmsis.o(.text)
</UL>
<P><STRONG><a name="[9f]"></a>svcThreadGetPriority</STRONG> (Thumb, 24 bytes, Stack size 16 bytes, rt_cmsis.o(.text))
<BR><BR>[Stack]<UL><LI>Max Depth = 16<LI>Call Chain = svcThreadGetPriority
</UL>
<BR>[Calls]<UL><LI><a href="#[92]">&gt;&gt;</a>&nbsp;&nbsp;&nbsp;rt_tid2ptcb
</UL>
<BR>[Address Reference Count : 1]<UL><LI> rt_cmsis.o(.text)
</UL>
<P><STRONG><a name="[58]"></a>osThreadCreate</STRONG> (Thumb, 58 bytes, Stack size 16 bytes, rt_cmsis.o(.text))
<BR><BR>[Stack]<UL><LI>Max Depth = 120<LI>Call Chain = osThreadCreate &rArr; svcThreadCreate &rArr; sysThreadError &rArr; mbed_die &rArr; wait_ms &rArr; us_ticker_read &rArr; HAL_InitTick &rArr; NVIC_SetVector &rArr; __aeabi_memmove4
</UL>
<BR>[Calls]<UL><LI><a href="#[93]">&gt;&gt;</a>&nbsp;&nbsp;&nbsp;svcThreadCreate
<LI><a href="#[99]">&gt;&gt;</a>&nbsp;&nbsp;&nbsp;__get_IPSR
<LI><a href="#[9a]">&gt;&gt;</a>&nbsp;&nbsp;&nbsp;__get_CONTROL
</UL>
<BR>[Called By]<UL><LI><a href="#[55]">&gt;&gt;</a>&nbsp;&nbsp;&nbsp;_main_init
</UL>

<P><STRONG><a name="[a0]"></a>osThreadGetId</STRONG> (Thumb, 24 bytes, Stack size 8 bytes, rt_cmsis.o(.text), UNUSED)
<BR><BR>[Calls]<UL><LI><a href="#[99]">&gt;&gt;</a>&nbsp;&nbsp;&nbsp;__get_IPSR
</UL>

<P><STRONG><a name="[a1]"></a>osThreadTerminate</STRONG> (Thumb, 28 bytes, Stack size 8 bytes, rt_cmsis.o(.text), UNUSED)
<BR><BR>[Calls]<UL><LI><a href="#[99]">&gt;&gt;</a>&nbsp;&nbsp;&nbsp;__get_IPSR
</UL>

<P><STRONG><a name="[a2]"></a>osThreadYield</STRONG> (Thumb, 24 bytes, Stack size 8 bytes, rt_cmsis.o(.text), UNUSED)
<BR><BR>[Calls]<UL><LI><a href="#[99]">&gt;&gt;</a>&nbsp;&nbsp;&nbsp;__get_IPSR
</UL>

<P><STRONG><a name="[a3]"></a>osThreadSetPriority</STRONG> (Thumb, 32 bytes, Stack size 16 bytes, rt_cmsis.o(.text), UNUSED)
<BR><BR>[Calls]<UL><LI><a href="#[99]">&gt;&gt;</a>&nbsp;&nbsp;&nbsp;__get_IPSR
</UL>

<P><STRONG><a name="[a4]"></a>osThreadGetPriority</STRONG> (Thumb, 72 bytes, Stack size 8 bytes, rt_cmsis.o(.text), UNUSED)
<BR><BR>[Calls]<UL><LI><a href="#[99]">&gt;&gt;</a>&nbsp;&nbsp;&nbsp;__get_IPSR
</UL>

<P><STRONG><a name="[a5]"></a>svcDelay</STRONG> (Thumb, 28 bytes, Stack size 16 bytes, rt_cmsis.o(.text))
<BR><BR>[Stack]<UL><LI>Max Depth = 56<LI>Call Chain = svcDelay &rArr; rt_dly_wait &rArr; rt_block &rArr; rt_put_dly
</UL>
<BR>[Calls]<UL><LI><a href="#[a6]">&gt;&gt;</a>&nbsp;&nbsp;&nbsp;rt_ms2tick
<LI><a href="#[80]">&gt;&gt;</a>&nbsp;&nbsp;&nbsp;rt_dly_wait
</UL>
<BR>[Address Reference Count : 1]<UL><LI> rt_cmsis.o(.text)
</UL>
<P><STRONG><a name="[a7]"></a>osDelay</STRONG> (Thumb, 28 bytes, Stack size 8 bytes, rt_cmsis.o(.text), UNUSED)
<BR><BR>[Calls]<UL><LI><a href="#[99]">&gt;&gt;</a>&nbsp;&nbsp;&nbsp;__get_IPSR
</UL>

<P><STRONG><a name="[119]"></a>osWait</STRONG> (Thumb, 16 bytes, Stack size 16 bytes, rt_cmsis.o(.text), UNUSED)

<P><STRONG><a name="[a8]"></a>svcTimerCreate</STRONG> (Thumb, 102 bytes, Stack size 24 bytes, rt_cmsis.o(.text))
<BR><BR>[Stack]<UL><LI>Max Depth = 96<LI>Call Chain = svcTimerCreate &rArr; sysThreadError &rArr; mbed_die &rArr; wait_ms &rArr; us_ticker_read &rArr; HAL_InitTick &rArr; NVIC_SetVector &rArr; __aeabi_memmove4
</UL>
<BR>[Calls]<UL><LI><a href="#[8e]">&gt;&gt;</a>&nbsp;&nbsp;&nbsp;sysThreadError
</UL>
<BR>[Called By]<UL><LI><a href="#[b2]">&gt;&gt;</a>&nbsp;&nbsp;&nbsp;osTimerCreate
</UL>
<BR>[Address Reference Count : 1]<UL><LI> rt_cmsis.o(.text)
</UL>
<P><STRONG><a name="[a9]"></a>svcTimerStart</STRONG> (Thumb, 88 bytes, Stack size 24 bytes, rt_cmsis.o(.text))
<BR><BR>[Stack]<UL><LI>Max Depth = 36<LI>Call Chain = svcTimerStart &rArr; rt_timer_insert
</UL>
<BR>[Calls]<UL><LI><a href="#[ab]">&gt;&gt;</a>&nbsp;&nbsp;&nbsp;rt_timer_remove
<LI><a href="#[ac]">&gt;&gt;</a>&nbsp;&nbsp;&nbsp;rt_timer_insert
<LI><a href="#[aa]">&gt;&gt;</a>&nbsp;&nbsp;&nbsp;rt_id2obj
<LI><a href="#[a6]">&gt;&gt;</a>&nbsp;&nbsp;&nbsp;rt_ms2tick
</UL>
<BR>[Address Reference Count : 1]<UL><LI> rt_cmsis.o(.text)
</UL>
<P><STRONG><a name="[ad]"></a>svcTimerStop</STRONG> (Thumb, 48 bytes, Stack size 16 bytes, rt_cmsis.o(.text))
<BR><BR>[Stack]<UL><LI>Max Depth = 24<LI>Call Chain = svcTimerStop &rArr; rt_timer_remove
</UL>
<BR>[Calls]<UL><LI><a href="#[ab]">&gt;&gt;</a>&nbsp;&nbsp;&nbsp;rt_timer_remove
<LI><a href="#[aa]">&gt;&gt;</a>&nbsp;&nbsp;&nbsp;rt_id2obj
</UL>
<BR>[Address Reference Count : 1]<UL><LI> rt_cmsis.o(.text)
</UL>
<P><STRONG><a name="[ae]"></a>svcTimerDelete</STRONG> (Thumb, 52 bytes, Stack size 16 bytes, rt_cmsis.o(.text))
<BR><BR>[Stack]<UL><LI>Max Depth = 24<LI>Call Chain = svcTimerDelete &rArr; rt_timer_remove
</UL>
<BR>[Calls]<UL><LI><a href="#[ab]">&gt;&gt;</a>&nbsp;&nbsp;&nbsp;rt_timer_remove
<LI><a href="#[aa]">&gt;&gt;</a>&nbsp;&nbsp;&nbsp;rt_id2obj
</UL>
<BR>[Address Reference Count : 1]<UL><LI> rt_cmsis.o(.text)
</UL>
<P><STRONG><a name="[af]"></a>svcTimerCall</STRONG> (Thumb, 42 bytes, Stack size 24 bytes, rt_cmsis.o(.text))
<BR><BR>[Stack]<UL><LI>Max Depth = 24<LI>Call Chain = svcTimerCall
</UL>
<BR>[Calls]<UL><LI><a href="#[aa]">&gt;&gt;</a>&nbsp;&nbsp;&nbsp;rt_id2obj
</UL>
<BR>[Address Reference Count : 1]<UL><LI> rt_cmsis.o(.text)
</UL>
<P><STRONG><a name="[7d]"></a>sysTimerTick</STRONG> (Thumb, 70 bytes, Stack size 16 bytes, rt_cmsis.o(.text))
<BR><BR>[Stack]<UL><LI>Max Depth = 144<LI>Call Chain = sysTimerTick &rArr; isrMessagePut &rArr; isr_mbx_send &rArr; rt_psq_enq &rArr; os_error &rArr; mbed_die &rArr; wait_ms &rArr; us_ticker_read &rArr; HAL_InitTick &rArr; NVIC_SetVector &rArr; __aeabi_memmove4
</UL>
<BR>[Calls]<UL><LI><a href="#[b0]">&gt;&gt;</a>&nbsp;&nbsp;&nbsp;isrMessagePut
<LI><a href="#[ac]">&gt;&gt;</a>&nbsp;&nbsp;&nbsp;rt_timer_insert
</UL>
<BR>[Called By]<UL><LI><a href="#[5c]">&gt;&gt;</a>&nbsp;&nbsp;&nbsp;rt_systick
</UL>

<P><STRONG><a name="[b2]"></a>osTimerCreate</STRONG> (Thumb, 64 bytes, Stack size 16 bytes, rt_cmsis.o(.text), UNUSED)
<BR><BR>[Calls]<UL><LI><a href="#[a8]">&gt;&gt;</a>&nbsp;&nbsp;&nbsp;svcTimerCreate
<LI><a href="#[99]">&gt;&gt;</a>&nbsp;&nbsp;&nbsp;__get_IPSR
<LI><a href="#[9a]">&gt;&gt;</a>&nbsp;&nbsp;&nbsp;__get_CONTROL
</UL>

<P><STRONG><a name="[b3]"></a>osTimerStart</STRONG> (Thumb, 32 bytes, Stack size 16 bytes, rt_cmsis.o(.text), UNUSED)
<BR><BR>[Calls]<UL><LI><a href="#[99]">&gt;&gt;</a>&nbsp;&nbsp;&nbsp;__get_IPSR
</UL>

<P><STRONG><a name="[b4]"></a>osTimerStop</STRONG> (Thumb, 28 bytes, Stack size 8 bytes, rt_cmsis.o(.text), UNUSED)
<BR><BR>[Calls]<UL><LI><a href="#[99]">&gt;&gt;</a>&nbsp;&nbsp;&nbsp;__get_IPSR
</UL>

<P><STRONG><a name="[b5]"></a>osTimerDelete</STRONG> (Thumb, 28 bytes, Stack size 8 bytes, rt_cmsis.o(.text), UNUSED)
<BR><BR>[Calls]<UL><LI><a href="#[99]">&gt;&gt;</a>&nbsp;&nbsp;&nbsp;__get_IPSR
</UL>

<P><STRONG><a name="[b8]"></a>osTimerCall</STRONG> (Thumb, 26 bytes, Stack size 24 bytes, rt_cmsis.o(.text))
<BR><BR>[Stack]<UL><LI>Max Depth = 24<LI>Call Chain = osTimerCall
</UL>
<BR>[Called By]<UL><LI><a href="#[51]">&gt;&gt;</a>&nbsp;&nbsp;&nbsp;osTimerThread
</UL>

<P><STRONG><a name="[b6]"></a>svcMessageGet</STRONG> (Thumb, 86 bytes, Stack size 32 bytes, rt_cmsis.o(.text))
<BR><BR>[Stack]<UL><LI>Max Depth = 88<LI>Call Chain = svcMessageGet &rArr; rt_mbx_wait &rArr; rt_block &rArr; rt_put_dly
</UL>
<BR>[Calls]<UL><LI><a href="#[a6]">&gt;&gt;</a>&nbsp;&nbsp;&nbsp;rt_ms2tick
<LI><a href="#[8a]">&gt;&gt;</a>&nbsp;&nbsp;&nbsp;rt_mbx_wait
</UL>
<BR>[Address Reference Count : 1]<UL><LI> rt_cmsis.o(.text)
</UL>
<P><STRONG><a name="[b7]"></a>osMessageGet</STRONG> (Thumb, 118 bytes, Stack size 64 bytes, rt_cmsis.o(.text))
<BR><BR>[Stack]<UL><LI>Max Depth = 176<LI>Call Chain = osMessageGet &rArr; isr_mbx_receive &rArr; rt_psq_enq &rArr; os_error &rArr; mbed_die &rArr; wait_ms &rArr; us_ticker_read &rArr; HAL_InitTick &rArr; NVIC_SetVector &rArr; __aeabi_memmove4
</UL>
<BR>[Calls]<UL><LI><a href="#[99]">&gt;&gt;</a>&nbsp;&nbsp;&nbsp;__get_IPSR
<LI><a href="#[8c]">&gt;&gt;</a>&nbsp;&nbsp;&nbsp;isr_mbx_receive
</UL>
<BR>[Called By]<UL><LI><a href="#[ee]">&gt;&gt;</a>&nbsp;&nbsp;&nbsp;osMailGet
<LI><a href="#[51]">&gt;&gt;</a>&nbsp;&nbsp;&nbsp;osTimerThread
</UL>

<P><STRONG><a name="[51]"></a>osTimerThread</STRONG> (Thumb, 66 bytes, Stack size 24 bytes, rt_cmsis.o(.text))
<BR><BR>[Stack]<UL><LI>Max Depth = 200<LI>Call Chain = osTimerThread &rArr; osMessageGet &rArr; isr_mbx_receive &rArr; rt_psq_enq &rArr; os_error &rArr; mbed_die &rArr; wait_ms &rArr; us_ticker_read &rArr; HAL_InitTick &rArr; NVIC_SetVector &rArr; __aeabi_memmove4
</UL>
<BR>[Calls]<UL><LI><a href="#[b7]">&gt;&gt;</a>&nbsp;&nbsp;&nbsp;osMessageGet
<LI><a href="#[b8]">&gt;&gt;</a>&nbsp;&nbsp;&nbsp;osTimerCall
</UL>
<BR>[Address Reference Count : 1]<UL><LI> rtx_conf_cm.o(.data)
</UL>
<P><STRONG><a name="[b9]"></a>svcSignalSet</STRONG> (Thumb, 52 bytes, Stack size 24 bytes, rt_cmsis.o(.text))
<BR><BR>[Stack]<UL><LI>Max Depth = 64<LI>Call Chain = svcSignalSet &rArr; rt_evt_set &rArr; rt_ret_val2
</UL>
<BR>[Calls]<UL><LI><a href="#[ba]">&gt;&gt;</a>&nbsp;&nbsp;&nbsp;rt_evt_set
<LI><a href="#[92]">&gt;&gt;</a>&nbsp;&nbsp;&nbsp;rt_tid2ptcb
</UL>
<BR>[Address Reference Count : 1]<UL><LI> rt_cmsis.o(.text)
</UL>
<P><STRONG><a name="[bb]"></a>svcSignalClear</STRONG> (Thumb, 52 bytes, Stack size 24 bytes, rt_cmsis.o(.text))
<BR><BR>[Stack]<UL><LI>Max Depth = 32<LI>Call Chain = svcSignalClear &rArr; rt_evt_clr
</UL>
<BR>[Calls]<UL><LI><a href="#[bc]">&gt;&gt;</a>&nbsp;&nbsp;&nbsp;rt_evt_clr
<LI><a href="#[92]">&gt;&gt;</a>&nbsp;&nbsp;&nbsp;rt_tid2ptcb
</UL>
<BR>[Address Reference Count : 1]<UL><LI> rt_cmsis.o(.text)
</UL>
<P><STRONG><a name="[bd]"></a>svcSignalGet</STRONG> (Thumb, 24 bytes, Stack size 16 bytes, rt_cmsis.o(.text))
<BR><BR>[Stack]<UL><LI>Max Depth = 16<LI>Call Chain = svcSignalGet
</UL>
<BR>[Calls]<UL><LI><a href="#[92]">&gt;&gt;</a>&nbsp;&nbsp;&nbsp;rt_tid2ptcb
</UL>
<BR>[Address Reference Count : 1]<UL><LI> rt_cmsis.o(.text)
</UL>
<P><STRONG><a name="[be]"></a>svcSignalWait</STRONG> (Thumb, 114 bytes, Stack size 32 bytes, rt_cmsis.o(.text))
<BR><BR>[Stack]<UL><LI>Max Depth = 88<LI>Call Chain = svcSignalWait &rArr; rt_evt_wait &rArr; rt_block &rArr; rt_put_dly
</UL>
<BR>[Calls]<UL><LI><a href="#[bf]">&gt;&gt;</a>&nbsp;&nbsp;&nbsp;rt_evt_wait
<LI><a href="#[a6]">&gt;&gt;</a>&nbsp;&nbsp;&nbsp;rt_ms2tick
</UL>
<BR>[Address Reference Count : 1]<UL><LI> rt_cmsis.o(.text)
</UL>
<P><STRONG><a name="[c0]"></a>osSignalSet</STRONG> (Thumb, 80 bytes, Stack size 32 bytes, rt_cmsis.o(.text), UNUSED)
<BR><BR>[Calls]<UL><LI><a href="#[c1]">&gt;&gt;</a>&nbsp;&nbsp;&nbsp;isr_evt_set
<LI><a href="#[99]">&gt;&gt;</a>&nbsp;&nbsp;&nbsp;__get_IPSR
<LI><a href="#[92]">&gt;&gt;</a>&nbsp;&nbsp;&nbsp;rt_tid2ptcb
</UL>

<P><STRONG><a name="[c2]"></a>osSignalClear</STRONG> (Thumb, 32 bytes, Stack size 16 bytes, rt_cmsis.o(.text), UNUSED)
<BR><BR>[Calls]<UL><LI><a href="#[99]">&gt;&gt;</a>&nbsp;&nbsp;&nbsp;__get_IPSR
</UL>

<P><STRONG><a name="[c3]"></a>osSignalGet</STRONG> (Thumb, 28 bytes, Stack size 8 bytes, rt_cmsis.o(.text), UNUSED)
<BR><BR>[Calls]<UL><LI><a href="#[99]">&gt;&gt;</a>&nbsp;&nbsp;&nbsp;__get_IPSR
</UL>

<P><STRONG><a name="[c4]"></a>osSignalWait</STRONG> (Thumb, 48 bytes, Stack size 48 bytes, rt_cmsis.o(.text), UNUSED)
<BR><BR>[Calls]<UL><LI><a href="#[99]">&gt;&gt;</a>&nbsp;&nbsp;&nbsp;__get_IPSR
</UL>

<P><STRONG><a name="[c5]"></a>svcMutexCreate</STRONG> (Thumb, 54 bytes, Stack size 16 bytes, rt_cmsis.o(.text))
<BR><BR>[Stack]<UL><LI>Max Depth = 88<LI>Call Chain = svcMutexCreate &rArr; sysThreadError &rArr; mbed_die &rArr; wait_ms &rArr; us_ticker_read &rArr; HAL_InitTick &rArr; NVIC_SetVector &rArr; __aeabi_memmove4
</UL>
<BR>[Calls]<UL><LI><a href="#[8e]">&gt;&gt;</a>&nbsp;&nbsp;&nbsp;sysThreadError
<LI><a href="#[c6]">&gt;&gt;</a>&nbsp;&nbsp;&nbsp;rt_mut_init
</UL>
<BR>[Called By]<UL><LI><a href="#[cd]">&gt;&gt;</a>&nbsp;&nbsp;&nbsp;osMutexCreate
</UL>
<BR>[Address Reference Count : 1]<UL><LI> rt_cmsis.o(.text)
</UL>
<P><STRONG><a name="[c7]"></a>svcMutexWait</STRONG> (Thumb, 72 bytes, Stack size 24 bytes, rt_cmsis.o(.text))
<BR><BR>[Stack]<UL><LI>Max Depth = 72<LI>Call Chain = svcMutexWait &rArr; rt_mut_wait &rArr; rt_block &rArr; rt_put_dly
</UL>
<BR>[Calls]<UL><LI><a href="#[c8]">&gt;&gt;</a>&nbsp;&nbsp;&nbsp;rt_mut_wait
<LI><a href="#[aa]">&gt;&gt;</a>&nbsp;&nbsp;&nbsp;rt_id2obj
<LI><a href="#[a6]">&gt;&gt;</a>&nbsp;&nbsp;&nbsp;rt_ms2tick
</UL>
<BR>[Address Reference Count : 1]<UL><LI> rt_cmsis.o(.text)
</UL>
<P><STRONG><a name="[c9]"></a>svcMutexRelease</STRONG> (Thumb, 48 bytes, Stack size 16 bytes, rt_cmsis.o(.text))
<BR><BR>[Stack]<UL><LI>Max Depth = 52<LI>Call Chain = svcMutexRelease &rArr; rt_mut_release &rArr; rt_dispatch &rArr; rt_put_prio
</UL>
<BR>[Calls]<UL><LI><a href="#[ca]">&gt;&gt;</a>&nbsp;&nbsp;&nbsp;rt_mut_release
<LI><a href="#[aa]">&gt;&gt;</a>&nbsp;&nbsp;&nbsp;rt_id2obj
</UL>
<BR>[Address Reference Count : 1]<UL><LI> rt_cmsis.o(.text)
</UL>
<P><STRONG><a name="[cb]"></a>svcMutexDelete</STRONG> (Thumb, 38 bytes, Stack size 16 bytes, rt_cmsis.o(.text))
<BR><BR>[Stack]<UL><LI>Max Depth = 56<LI>Call Chain = svcMutexDelete &rArr; rt_mut_delete &rArr; rt_resort_prio &rArr; rt_put_prio
</UL>
<BR>[Calls]<UL><LI><a href="#[cc]">&gt;&gt;</a>&nbsp;&nbsp;&nbsp;rt_mut_delete
<LI><a href="#[aa]">&gt;&gt;</a>&nbsp;&nbsp;&nbsp;rt_id2obj
</UL>
<BR>[Address Reference Count : 1]<UL><LI> rt_cmsis.o(.text)
</UL>
<P><STRONG><a name="[cd]"></a>osMutexCreate</STRONG> (Thumb, 52 bytes, Stack size 8 bytes, rt_cmsis.o(.text), UNUSED)
<BR><BR>[Calls]<UL><LI><a href="#[c5]">&gt;&gt;</a>&nbsp;&nbsp;&nbsp;svcMutexCreate
<LI><a href="#[99]">&gt;&gt;</a>&nbsp;&nbsp;&nbsp;__get_IPSR
<LI><a href="#[9a]">&gt;&gt;</a>&nbsp;&nbsp;&nbsp;__get_CONTROL
</UL>

<P><STRONG><a name="[ce]"></a>osMutexWait</STRONG> (Thumb, 32 bytes, Stack size 16 bytes, rt_cmsis.o(.text), UNUSED)
<BR><BR>[Calls]<UL><LI><a href="#[99]">&gt;&gt;</a>&nbsp;&nbsp;&nbsp;__get_IPSR
</UL>

<P><STRONG><a name="[cf]"></a>osMutexRelease</STRONG> (Thumb, 28 bytes, Stack size 8 bytes, rt_cmsis.o(.text), UNUSED)
<BR><BR>[Calls]<UL><LI><a href="#[99]">&gt;&gt;</a>&nbsp;&nbsp;&nbsp;__get_IPSR
</UL>

<P><STRONG><a name="[d0]"></a>osMutexDelete</STRONG> (Thumb, 28 bytes, Stack size 8 bytes, rt_cmsis.o(.text), UNUSED)
<BR><BR>[Calls]<UL><LI><a href="#[99]">&gt;&gt;</a>&nbsp;&nbsp;&nbsp;__get_IPSR
</UL>

<P><STRONG><a name="[d1]"></a>svcSemaphoreCreate</STRONG> (Thumb, 74 bytes, Stack size 16 bytes, rt_cmsis.o(.text))
<BR><BR>[Stack]<UL><LI>Max Depth = 88<LI>Call Chain = svcSemaphoreCreate &rArr; sysThreadError &rArr; mbed_die &rArr; wait_ms &rArr; us_ticker_read &rArr; HAL_InitTick &rArr; NVIC_SetVector &rArr; __aeabi_memmove4
</UL>
<BR>[Calls]<UL><LI><a href="#[8e]">&gt;&gt;</a>&nbsp;&nbsp;&nbsp;sysThreadError
<LI><a href="#[d2]">&gt;&gt;</a>&nbsp;&nbsp;&nbsp;rt_sem_init
</UL>
<BR>[Called By]<UL><LI><a href="#[d6]">&gt;&gt;</a>&nbsp;&nbsp;&nbsp;osSemaphoreCreate
</UL>
<BR>[Address Reference Count : 1]<UL><LI> rt_cmsis.o(.text)
</UL>
<P><STRONG><a name="[d3]"></a>svcSemaphoreWait</STRONG> (Thumb, 72 bytes, Stack size 24 bytes, rt_cmsis.o(.text))
<BR><BR>[Stack]<UL><LI>Max Depth = 72<LI>Call Chain = svcSemaphoreWait &rArr; rt_sem_wait &rArr; rt_block &rArr; rt_put_dly
</UL>
<BR>[Calls]<UL><LI><a href="#[aa]">&gt;&gt;</a>&nbsp;&nbsp;&nbsp;rt_id2obj
<LI><a href="#[a6]">&gt;&gt;</a>&nbsp;&nbsp;&nbsp;rt_ms2tick
<LI><a href="#[85]">&gt;&gt;</a>&nbsp;&nbsp;&nbsp;rt_sem_wait
</UL>
<BR>[Address Reference Count : 1]<UL><LI> rt_cmsis.o(.text)
</UL>
<P><STRONG><a name="[d4]"></a>svcSemaphoreRelease</STRONG> (Thumb, 52 bytes, Stack size 16 bytes, rt_cmsis.o(.text))
<BR><BR>[Stack]<UL><LI>Max Depth = 52<LI>Call Chain = svcSemaphoreRelease &rArr; rt_sem_send &rArr; rt_dispatch &rArr; rt_put_prio
</UL>
<BR>[Calls]<UL><LI><a href="#[aa]">&gt;&gt;</a>&nbsp;&nbsp;&nbsp;rt_id2obj
<LI><a href="#[84]">&gt;&gt;</a>&nbsp;&nbsp;&nbsp;rt_sem_send
</UL>
<BR>[Address Reference Count : 1]<UL><LI> rt_cmsis.o(.text)
</UL>
<P><STRONG><a name="[d5]"></a>svcSemaphoreDelete</STRONG> (Thumb, 38 bytes, Stack size 16 bytes, rt_cmsis.o(.text))
<BR><BR>[Stack]<UL><LI>Max Depth = 52<LI>Call Chain = svcSemaphoreDelete &rArr; rt_sem_delete &rArr; rt_dispatch &rArr; rt_put_prio
</UL>
<BR>[Calls]<UL><LI><a href="#[aa]">&gt;&gt;</a>&nbsp;&nbsp;&nbsp;rt_id2obj
<LI><a href="#[82]">&gt;&gt;</a>&nbsp;&nbsp;&nbsp;rt_sem_delete
</UL>
<BR>[Address Reference Count : 1]<UL><LI> rt_cmsis.o(.text)
</UL>
<P><STRONG><a name="[d6]"></a>osSemaphoreCreate</STRONG> (Thumb, 58 bytes, Stack size 16 bytes, rt_cmsis.o(.text), UNUSED)
<BR><BR>[Calls]<UL><LI><a href="#[d1]">&gt;&gt;</a>&nbsp;&nbsp;&nbsp;svcSemaphoreCreate
<LI><a href="#[99]">&gt;&gt;</a>&nbsp;&nbsp;&nbsp;__get_IPSR
<LI><a href="#[9a]">&gt;&gt;</a>&nbsp;&nbsp;&nbsp;__get_CONTROL
</UL>

<P><STRONG><a name="[d7]"></a>osSemaphoreWait</STRONG> (Thumb, 34 bytes, Stack size 16 bytes, rt_cmsis.o(.text), UNUSED)
<BR><BR>[Calls]<UL><LI><a href="#[99]">&gt;&gt;</a>&nbsp;&nbsp;&nbsp;__get_IPSR
</UL>

<P><STRONG><a name="[d8]"></a>osSemaphoreRelease</STRONG> (Thumb, 74 bytes, Stack size 16 bytes, rt_cmsis.o(.text), UNUSED)
<BR><BR>[Calls]<UL><LI><a href="#[99]">&gt;&gt;</a>&nbsp;&nbsp;&nbsp;__get_IPSR
<LI><a href="#[aa]">&gt;&gt;</a>&nbsp;&nbsp;&nbsp;rt_id2obj
<LI><a href="#[86]">&gt;&gt;</a>&nbsp;&nbsp;&nbsp;isr_sem_send
</UL>

<P><STRONG><a name="[d9]"></a>osSemaphoreDelete</STRONG> (Thumb, 36 bytes, Stack size 8 bytes, rt_cmsis.o(.text), UNUSED)
<BR><BR>[Calls]<UL><LI><a href="#[99]">&gt;&gt;</a>&nbsp;&nbsp;&nbsp;__get_IPSR
</UL>

<P><STRONG><a name="[da]"></a>svcPoolCreate</STRONG> (Thumb, 56 bytes, Stack size 16 bytes, rt_cmsis.o(.text))
<BR><BR>[Stack]<UL><LI>Max Depth = 88<LI>Call Chain = svcPoolCreate &rArr; sysThreadError &rArr; mbed_die &rArr; wait_ms &rArr; us_ticker_read &rArr; HAL_InitTick &rArr; NVIC_SetVector &rArr; __aeabi_memmove4
</UL>
<BR>[Calls]<UL><LI><a href="#[8e]">&gt;&gt;</a>&nbsp;&nbsp;&nbsp;sysThreadError
<LI><a href="#[db]">&gt;&gt;</a>&nbsp;&nbsp;&nbsp;_init_box
</UL>
<BR>[Called By]<UL><LI><a href="#[df]">&gt;&gt;</a>&nbsp;&nbsp;&nbsp;osPoolCreate
</UL>
<BR>[Address Reference Count : 1]<UL><LI> rt_cmsis.o(.text)
</UL>
<P><STRONG><a name="[dc]"></a>sysPoolAlloc</STRONG> (Thumb, 34 bytes, Stack size 16 bytes, rt_cmsis.o(.text))
<BR><BR>[Stack]<UL><LI>Max Depth = 24<LI>Call Chain = sysPoolAlloc &rArr; rt_clr_box
</UL>
<BR>[Calls]<UL><LI><a href="#[dd]">&gt;&gt;</a>&nbsp;&nbsp;&nbsp;rt_clr_box
<LI><a href="#[4b]">&gt;&gt;</a>&nbsp;&nbsp;&nbsp;rt_alloc_box
</UL>
<BR>[Called By]<UL><LI><a href="#[e1]">&gt;&gt;</a>&nbsp;&nbsp;&nbsp;osPoolCAlloc
<LI><a href="#[e0]">&gt;&gt;</a>&nbsp;&nbsp;&nbsp;osPoolAlloc
</UL>
<BR>[Address Reference Count : 1]<UL><LI> rt_cmsis.o(.text)
</UL>
<P><STRONG><a name="[de]"></a>sysPoolFree</STRONG> (Thumb, 32 bytes, Stack size 16 bytes, rt_cmsis.o(.text))
<BR><BR>[Stack]<UL><LI>Max Depth = 16<LI>Call Chain = sysPoolFree
</UL>
<BR>[Calls]<UL><LI><a href="#[4c]">&gt;&gt;</a>&nbsp;&nbsp;&nbsp;rt_free_box
</UL>
<BR>[Called By]<UL><LI><a href="#[e2]">&gt;&gt;</a>&nbsp;&nbsp;&nbsp;osPoolFree
</UL>
<BR>[Address Reference Count : 1]<UL><LI> rt_cmsis.o(.text)
</UL>
<P><STRONG><a name="[df]"></a>osPoolCreate</STRONG> (Thumb, 52 bytes, Stack size 8 bytes, rt_cmsis.o(.text), UNUSED)
<BR><BR>[Calls]<UL><LI><a href="#[da]">&gt;&gt;</a>&nbsp;&nbsp;&nbsp;svcPoolCreate
<LI><a href="#[99]">&gt;&gt;</a>&nbsp;&nbsp;&nbsp;__get_IPSR
<LI><a href="#[9a]">&gt;&gt;</a>&nbsp;&nbsp;&nbsp;__get_CONTROL
</UL>

<P><STRONG><a name="[e0]"></a>osPoolAlloc</STRONG> (Thumb, 46 bytes, Stack size 16 bytes, rt_cmsis.o(.text), UNUSED)
<BR><BR>[Calls]<UL><LI><a href="#[dc]">&gt;&gt;</a>&nbsp;&nbsp;&nbsp;sysPoolAlloc
<LI><a href="#[99]">&gt;&gt;</a>&nbsp;&nbsp;&nbsp;__get_IPSR
<LI><a href="#[9a]">&gt;&gt;</a>&nbsp;&nbsp;&nbsp;__get_CONTROL
</UL>

<P><STRONG><a name="[e1]"></a>osPoolCAlloc</STRONG> (Thumb, 46 bytes, Stack size 16 bytes, rt_cmsis.o(.text), UNUSED)
<BR><BR>[Calls]<UL><LI><a href="#[dc]">&gt;&gt;</a>&nbsp;&nbsp;&nbsp;sysPoolAlloc
<LI><a href="#[99]">&gt;&gt;</a>&nbsp;&nbsp;&nbsp;__get_IPSR
<LI><a href="#[9a]">&gt;&gt;</a>&nbsp;&nbsp;&nbsp;__get_CONTROL
</UL>

<P><STRONG><a name="[e2]"></a>osPoolFree</STRONG> (Thumb, 48 bytes, Stack size 16 bytes, rt_cmsis.o(.text), UNUSED)
<BR><BR>[Calls]<UL><LI><a href="#[de]">&gt;&gt;</a>&nbsp;&nbsp;&nbsp;sysPoolFree
<LI><a href="#[99]">&gt;&gt;</a>&nbsp;&nbsp;&nbsp;__get_IPSR
<LI><a href="#[9a]">&gt;&gt;</a>&nbsp;&nbsp;&nbsp;__get_CONTROL
</UL>

<P><STRONG><a name="[e3]"></a>svcMessagePut</STRONG> (Thumb, 68 bytes, Stack size 24 bytes, rt_cmsis.o(.text))
<BR><BR>[Stack]<UL><LI>Max Depth = 80<LI>Call Chain = svcMessagePut &rArr; rt_mbx_send &rArr; rt_block &rArr; rt_put_dly
</UL>
<BR>[Calls]<UL><LI><a href="#[a6]">&gt;&gt;</a>&nbsp;&nbsp;&nbsp;rt_ms2tick
<LI><a href="#[88]">&gt;&gt;</a>&nbsp;&nbsp;&nbsp;rt_mbx_send
</UL>
<BR>[Address Reference Count : 1]<UL><LI> rt_cmsis.o(.text)
</UL>
<P><STRONG><a name="[e4]"></a>osMessageCreate</STRONG> (Thumb, 58 bytes, Stack size 16 bytes, rt_cmsis.o(.text), UNUSED)
<BR><BR>[Calls]<UL><LI><a href="#[96]">&gt;&gt;</a>&nbsp;&nbsp;&nbsp;svcMessageCreate
<LI><a href="#[99]">&gt;&gt;</a>&nbsp;&nbsp;&nbsp;__get_IPSR
<LI><a href="#[9a]">&gt;&gt;</a>&nbsp;&nbsp;&nbsp;__get_CONTROL
</UL>

<P><STRONG><a name="[e5]"></a>osMessagePut</STRONG> (Thumb, 44 bytes, Stack size 16 bytes, rt_cmsis.o(.text), UNUSED)
<BR><BR>[Calls]<UL><LI><a href="#[99]">&gt;&gt;</a>&nbsp;&nbsp;&nbsp;__get_IPSR
<LI><a href="#[b0]">&gt;&gt;</a>&nbsp;&nbsp;&nbsp;isrMessagePut
</UL>
<BR>[Called By]<UL><LI><a href="#[ed]">&gt;&gt;</a>&nbsp;&nbsp;&nbsp;osMailPut
</UL>

<P><STRONG><a name="[e6]"></a>svcMailCreate</STRONG> (Thumb, 102 bytes, Stack size 24 bytes, rt_cmsis.o(.text))
<BR><BR>[Stack]<UL><LI>Max Depth = 96<LI>Call Chain = svcMailCreate &rArr; sysThreadError &rArr; mbed_die &rArr; wait_ms &rArr; us_ticker_read &rArr; HAL_InitTick &rArr; NVIC_SetVector &rArr; __aeabi_memmove4
</UL>
<BR>[Calls]<UL><LI><a href="#[8e]">&gt;&gt;</a>&nbsp;&nbsp;&nbsp;sysThreadError
<LI><a href="#[db]">&gt;&gt;</a>&nbsp;&nbsp;&nbsp;_init_box
<LI><a href="#[97]">&gt;&gt;</a>&nbsp;&nbsp;&nbsp;rt_mbx_init
</UL>
<BR>[Called By]<UL><LI><a href="#[e9]">&gt;&gt;</a>&nbsp;&nbsp;&nbsp;osMailCreate
</UL>
<BR>[Address Reference Count : 1]<UL><LI> rt_cmsis.o(.text)
</UL>
<P><STRONG><a name="[e7]"></a>sysMailAlloc</STRONG> (Thumb, 138 bytes, Stack size 40 bytes, rt_cmsis.o(.text))
<BR><BR>[Stack]<UL><LI>Max Depth = 72<LI>Call Chain = sysMailAlloc &rArr; rt_block &rArr; rt_put_dly
</UL>
<BR>[Calls]<UL><LI><a href="#[dd]">&gt;&gt;</a>&nbsp;&nbsp;&nbsp;rt_clr_box
<LI><a href="#[a6]">&gt;&gt;</a>&nbsp;&nbsp;&nbsp;rt_ms2tick
<LI><a href="#[4b]">&gt;&gt;</a>&nbsp;&nbsp;&nbsp;rt_alloc_box
<LI><a href="#[65]">&gt;&gt;</a>&nbsp;&nbsp;&nbsp;rt_put_prio
<LI><a href="#[66]">&gt;&gt;</a>&nbsp;&nbsp;&nbsp;rt_block
</UL>
<BR>[Called By]<UL><LI><a href="#[eb]">&gt;&gt;</a>&nbsp;&nbsp;&nbsp;osMailCAlloc
<LI><a href="#[ea]">&gt;&gt;</a>&nbsp;&nbsp;&nbsp;osMailAlloc
</UL>
<BR>[Address Reference Count : 1]<UL><LI> rt_cmsis.o(.text)
</UL>
<P><STRONG><a name="[e8]"></a>sysMailFree</STRONG> (Thumb, 126 bytes, Stack size 40 bytes, rt_cmsis.o(.text))
<BR><BR>[Stack]<UL><LI>Max Depth = 136<LI>Call Chain = sysMailFree &rArr; rt_psq_enq &rArr; os_error &rArr; mbed_die &rArr; wait_ms &rArr; us_ticker_read &rArr; HAL_InitTick &rArr; NVIC_SetVector &rArr; __aeabi_memmove4
</UL>
<BR>[Calls]<UL><LI><a href="#[4c]">&gt;&gt;</a>&nbsp;&nbsp;&nbsp;rt_free_box
<LI><a href="#[4b]">&gt;&gt;</a>&nbsp;&nbsp;&nbsp;rt_alloc_box
<LI><a href="#[83]">&gt;&gt;</a>&nbsp;&nbsp;&nbsp;rt_ret_val
<LI><a href="#[7f]">&gt;&gt;</a>&nbsp;&nbsp;&nbsp;rt_psq_enq
<LI><a href="#[87]">&gt;&gt;</a>&nbsp;&nbsp;&nbsp;rt_psh_req
<LI><a href="#[6f]">&gt;&gt;</a>&nbsp;&nbsp;&nbsp;rt_rmv_dly
<LI><a href="#[62]">&gt;&gt;</a>&nbsp;&nbsp;&nbsp;rt_get_first
<LI><a href="#[61]">&gt;&gt;</a>&nbsp;&nbsp;&nbsp;rt_dispatch
</UL>
<BR>[Called By]<UL><LI><a href="#[ec]">&gt;&gt;</a>&nbsp;&nbsp;&nbsp;osMailFree
</UL>
<BR>[Address Reference Count : 1]<UL><LI> rt_cmsis.o(.text)
</UL>
<P><STRONG><a name="[e9]"></a>osMailCreate</STRONG> (Thumb, 58 bytes, Stack size 16 bytes, rt_cmsis.o(.text), UNUSED)
<BR><BR>[Calls]<UL><LI><a href="#[e6]">&gt;&gt;</a>&nbsp;&nbsp;&nbsp;svcMailCreate
<LI><a href="#[99]">&gt;&gt;</a>&nbsp;&nbsp;&nbsp;__get_IPSR
<LI><a href="#[9a]">&gt;&gt;</a>&nbsp;&nbsp;&nbsp;__get_CONTROL
</UL>

<P><STRONG><a name="[ea]"></a>osMailAlloc</STRONG> (Thumb, 52 bytes, Stack size 24 bytes, rt_cmsis.o(.text), UNUSED)
<BR><BR>[Calls]<UL><LI><a href="#[e7]">&gt;&gt;</a>&nbsp;&nbsp;&nbsp;sysMailAlloc
<LI><a href="#[99]">&gt;&gt;</a>&nbsp;&nbsp;&nbsp;__get_IPSR
</UL>

<P><STRONG><a name="[eb]"></a>osMailCAlloc</STRONG> (Thumb, 52 bytes, Stack size 24 bytes, rt_cmsis.o(.text), UNUSED)
<BR><BR>[Calls]<UL><LI><a href="#[e7]">&gt;&gt;</a>&nbsp;&nbsp;&nbsp;sysMailAlloc
<LI><a href="#[99]">&gt;&gt;</a>&nbsp;&nbsp;&nbsp;__get_IPSR
</UL>

<P><STRONG><a name="[ec]"></a>osMailFree</STRONG> (Thumb, 42 bytes, Stack size 16 bytes, rt_cmsis.o(.text), UNUSED)
<BR><BR>[Calls]<UL><LI><a href="#[e8]">&gt;&gt;</a>&nbsp;&nbsp;&nbsp;sysMailFree
<LI><a href="#[99]">&gt;&gt;</a>&nbsp;&nbsp;&nbsp;__get_IPSR
</UL>

<P><STRONG><a name="[ed]"></a>osMailPut</STRONG> (Thumb, 30 bytes, Stack size 16 bytes, rt_cmsis.o(.text), UNUSED)
<BR><BR>[Calls]<UL><LI><a href="#[e5]">&gt;&gt;</a>&nbsp;&nbsp;&nbsp;osMessagePut
</UL>

<P><STRONG><a name="[ee]"></a>osMailGet</STRONG> (Thumb, 56 bytes, Stack size 24 bytes, rt_cmsis.o(.text), UNUSED)
<BR><BR>[Calls]<UL><LI><a href="#[b7]">&gt;&gt;</a>&nbsp;&nbsp;&nbsp;osMessageGet
</UL>

<P><STRONG><a name="[60]"></a>rt_init_stack</STRONG> (Thumb, 70 bytes, Stack size 16 bytes, hal_cm.o(.text))
<BR><BR>[Stack]<UL><LI>Max Depth = 16<LI>Call Chain = rt_init_stack
</UL>
<BR>[Called By]<UL><LI><a href="#[5f]">&gt;&gt;</a>&nbsp;&nbsp;&nbsp;rt_init_context
</UL>

<P><STRONG><a name="[83]"></a>rt_ret_val</STRONG> (Thumb, 18 bytes, Stack size 16 bytes, hal_cm.o(.text))
<BR><BR>[Stack]<UL><LI>Max Depth = 16<LI>Call Chain = rt_ret_val
</UL>
<BR>[Calls]<UL><LI><a href="#[ef]">&gt;&gt;</a>&nbsp;&nbsp;&nbsp;rt_ret_regs
</UL>
<BR>[Called By]<UL><LI><a href="#[ca]">&gt;&gt;</a>&nbsp;&nbsp;&nbsp;rt_mut_release
<LI><a href="#[cc]">&gt;&gt;</a>&nbsp;&nbsp;&nbsp;rt_mut_delete
<LI><a href="#[e8]">&gt;&gt;</a>&nbsp;&nbsp;&nbsp;sysMailFree
<LI><a href="#[8a]">&gt;&gt;</a>&nbsp;&nbsp;&nbsp;rt_mbx_wait
<LI><a href="#[84]">&gt;&gt;</a>&nbsp;&nbsp;&nbsp;rt_sem_send
<LI><a href="#[82]">&gt;&gt;</a>&nbsp;&nbsp;&nbsp;rt_sem_delete
<LI><a href="#[7b]">&gt;&gt;</a>&nbsp;&nbsp;&nbsp;rt_sem_psh
<LI><a href="#[7a]">&gt;&gt;</a>&nbsp;&nbsp;&nbsp;rt_mbx_psh
</UL>

<P><STRONG><a name="[89]"></a>rt_ret_val2</STRONG> (Thumb, 26 bytes, Stack size 24 bytes, hal_cm.o(.text))
<BR><BR>[Stack]<UL><LI>Max Depth = 24<LI>Call Chain = rt_ret_val2
</UL>
<BR>[Calls]<UL><LI><a href="#[ef]">&gt;&gt;</a>&nbsp;&nbsp;&nbsp;rt_ret_regs
</UL>
<BR>[Called By]<UL><LI><a href="#[ba]">&gt;&gt;</a>&nbsp;&nbsp;&nbsp;rt_evt_set
<LI><a href="#[88]">&gt;&gt;</a>&nbsp;&nbsp;&nbsp;rt_mbx_send
<LI><a href="#[7a]">&gt;&gt;</a>&nbsp;&nbsp;&nbsp;rt_mbx_psh
<LI><a href="#[79]">&gt;&gt;</a>&nbsp;&nbsp;&nbsp;rt_evt_psh
</UL>

<P><STRONG><a name="[71]"></a>rt_init_robin</STRONG> (Thumb, 14 bytes, Stack size 0 bytes, rt_robin.o(.text))
<BR><BR>[Called By]<UL><LI><a href="#[70]">&gt;&gt;</a>&nbsp;&nbsp;&nbsp;rt_sys_init
</UL>

<P><STRONG><a name="[7c]"></a>rt_chk_robin</STRONG> (Thumb, 76 bytes, Stack size 8 bytes, rt_robin.o(.text))
<BR><BR>[Stack]<UL><LI>Max Depth = 20<LI>Call Chain = rt_chk_robin &rArr; rt_put_prio
</UL>
<BR>[Calls]<UL><LI><a href="#[65]">&gt;&gt;</a>&nbsp;&nbsp;&nbsp;rt_put_prio
<LI><a href="#[62]">&gt;&gt;</a>&nbsp;&nbsp;&nbsp;rt_get_first
</UL>
<BR>[Called By]<UL><LI><a href="#[5c]">&gt;&gt;</a>&nbsp;&nbsp;&nbsp;rt_systick
</UL>

<P><STRONG><a name="[db]"></a>_init_box</STRONG> (Thumb, 88 bytes, Stack size 20 bytes, rt_membox.o(.text))
<BR><BR>[Stack]<UL><LI>Max Depth = 20<LI>Call Chain = _init_box
</UL>
<BR>[Called By]<UL><LI><a href="#[e6]">&gt;&gt;</a>&nbsp;&nbsp;&nbsp;svcMailCreate
<LI><a href="#[da]">&gt;&gt;</a>&nbsp;&nbsp;&nbsp;svcPoolCreate
</UL>

<P><STRONG><a name="[4b]"></a>rt_alloc_box</STRONG> (Thumb, 30 bytes, Stack size 0 bytes, rt_membox.o(.text))
<BR><BR>[Called By]<UL><LI><a href="#[e8]">&gt;&gt;</a>&nbsp;&nbsp;&nbsp;sysMailFree
<LI><a href="#[e7]">&gt;&gt;</a>&nbsp;&nbsp;&nbsp;sysMailAlloc
<LI><a href="#[dc]">&gt;&gt;</a>&nbsp;&nbsp;&nbsp;sysPoolAlloc
<LI><a href="#[7a]">&gt;&gt;</a>&nbsp;&nbsp;&nbsp;rt_mbx_psh
</UL>
<BR>[Address Reference Count : 1]<UL><LI> hal_cm4.o(.emb_text)
</UL>
<P><STRONG><a name="[f0]"></a>_calloc_box</STRONG> (Thumb, 40 bytes, Stack size 24 bytes, rt_membox.o(.text), UNUSED)
<BR><BR>[Calls]<UL><LI><a href="#[f1]">&gt;&gt;</a>&nbsp;&nbsp;&nbsp;_alloc_box
</UL>

<P><STRONG><a name="[4c]"></a>rt_free_box</STRONG> (Thumb, 36 bytes, Stack size 0 bytes, rt_membox.o(.text))
<BR><BR>[Called By]<UL><LI><a href="#[e8]">&gt;&gt;</a>&nbsp;&nbsp;&nbsp;sysMailFree
<LI><a href="#[de]">&gt;&gt;</a>&nbsp;&nbsp;&nbsp;sysPoolFree
</UL>
<BR>[Address Reference Count : 1]<UL><LI> hal_cm4.o(.emb_text)
</UL>
<P><STRONG><a name="[4d]"></a>os_idle_demon</STRONG> (Thumb, 4 bytes, Stack size 0 bytes, rtx_conf_cm.o(.text))
<BR>[Address Reference Count : 1]<UL><LI> rt_task.o(.text)
</UL>
<P><STRONG><a name="[7e]"></a>os_error</STRONG> (Thumb, 10 bytes, Stack size 8 bytes, rtx_conf_cm.o(.text))
<BR><BR>[Stack]<UL><LI>Max Depth = 72<LI>Call Chain = os_error &rArr; mbed_die &rArr; wait_ms &rArr; us_ticker_read &rArr; HAL_InitTick &rArr; NVIC_SetVector &rArr; __aeabi_memmove4
</UL>
<BR>[Calls]<UL><LI><a href="#[f2]">&gt;&gt;</a>&nbsp;&nbsp;&nbsp;mbed_die
</UL>
<BR>[Called By]<UL><LI><a href="#[7f]">&gt;&gt;</a>&nbsp;&nbsp;&nbsp;rt_psq_enq
<LI><a href="#[7a]">&gt;&gt;</a>&nbsp;&nbsp;&nbsp;rt_mbx_psh
<LI><a href="#[5a]">&gt;&gt;</a>&nbsp;&nbsp;&nbsp;rt_stk_check
</UL>

<P><STRONG><a name="[8e]"></a>sysThreadError</STRONG> (Thumb, 12 bytes, Stack size 8 bytes, rtx_conf_cm.o(.text))
<BR><BR>[Stack]<UL><LI>Max Depth = 72<LI>Call Chain = sysThreadError &rArr; mbed_die &rArr; wait_ms &rArr; us_ticker_read &rArr; HAL_InitTick &rArr; NVIC_SetVector &rArr; __aeabi_memmove4
</UL>
<BR>[Calls]<UL><LI><a href="#[f2]">&gt;&gt;</a>&nbsp;&nbsp;&nbsp;mbed_die
</UL>
<BR>[Called By]<UL><LI><a href="#[e6]">&gt;&gt;</a>&nbsp;&nbsp;&nbsp;svcMailCreate
<LI><a href="#[da]">&gt;&gt;</a>&nbsp;&nbsp;&nbsp;svcPoolCreate
[...]
</UL>

<P><STRONG><a name="[123]"></a>__aeabi_memmove8</STRONG> (Thumb, 0 bytes, Stack size 8 bytes, memmovea.o(.text), UNUSED)

<P><STRONG><a name="[54]"></a>__scatterload</STRONG> (Thumb, 28 bytes, Stack size 0 bytes, init.o(.text))
<BR><BR>[Calls]<UL><LI><a href="#[f3]">&gt;&gt;</a>&nbsp;&nbsp;&nbsp;__main_after_scatterload
</UL>
<BR>[Called By]<UL><LI><a href="#[53]">&gt;&gt;</a>&nbsp;&nbsp;&nbsp;_main_scatterload
</UL>

<P><STRONG><a name="[124]"></a>__scatterload_rt2</STRONG> (Thumb, 0 bytes, Stack size 0 bytes, init.o(.text), UNUSED)

<P><STRONG><a name="[52]"></a>main</STRONG> (Thumb, 18 bytes, Stack size 8 bytes, retarget.o(i.$Sub$$main))
<BR><BR>[Stack]<UL><LI>Max Depth = 64<LI>Call Chain = main &rArr; mbed_sdk_init &rArr; HAL_Init &rArr; HAL_InitTick &rArr; NVIC_SetVector &rArr; __aeabi_memmove4
</UL>
<BR>[Calls]<UL><LI><a href="#[f4]">&gt;&gt;</a>&nbsp;&nbsp;&nbsp;mbed_sdk_init
<LI><a href="#[f5]">&gt;&gt;</a>&nbsp;&nbsp;&nbsp;mbed_main
<LI><a href="#[f6]">&gt;&gt;</a>&nbsp;&nbsp;&nbsp;$Super$$main
</UL>
<BR>[Address Reference Count : 1]<UL><LI> rtx_conf_cm.o(.data)
</UL>
<P><STRONG><a name="[ff]"></a>HAL_GetTick</STRONG> (Thumb, 6 bytes, Stack size 0 bytes, stm32f4xx_hal.o(i.HAL_GetTick))
<BR><BR>[Called By]<UL><LI><a href="#[100]">&gt;&gt;</a>&nbsp;&nbsp;&nbsp;HAL_RCC_OscConfig
<LI><a href="#[fe]">&gt;&gt;</a>&nbsp;&nbsp;&nbsp;HAL_RCC_ClockConfig
</UL>

<P><STRONG><a name="[108]"></a>HAL_IncTick</STRONG> (Thumb, 10 bytes, Stack size 0 bytes, stm32f4xx_hal.o(i.HAL_IncTick))
<BR><BR>[Called By]<UL><LI><a href="#[50]">&gt;&gt;</a>&nbsp;&nbsp;&nbsp;timer_irq_handler
</UL>

<P><STRONG><a name="[f7]"></a>HAL_Init</STRONG> (Thumb, 48 bytes, Stack size 8 bytes, stm32f4xx_hal.o(i.HAL_Init))
<BR><BR>[Stack]<UL><LI>Max Depth = 48<LI>Call Chain = HAL_Init &rArr; HAL_InitTick &rArr; NVIC_SetVector &rArr; __aeabi_memmove4
</UL>
<BR>[Calls]<UL><LI><a href="#[f8]">&gt;&gt;</a>&nbsp;&nbsp;&nbsp;HAL_NVIC_SetPriorityGrouping
<LI><a href="#[f9]">&gt;&gt;</a>&nbsp;&nbsp;&nbsp;HAL_InitTick
<LI><a href="#[fa]">&gt;&gt;</a>&nbsp;&nbsp;&nbsp;HAL_MspInit
</UL>
<BR>[Called By]<UL><LI><a href="#[f4]">&gt;&gt;</a>&nbsp;&nbsp;&nbsp;mbed_sdk_init
<LI><a href="#[4e]">&gt;&gt;</a>&nbsp;&nbsp;&nbsp;SystemInit
</UL>

<P><STRONG><a name="[f9]"></a>HAL_InitTick</STRONG> (Thumb, 130 bytes, Stack size 8 bytes, hal_tick.o(i.HAL_InitTick))
<BR><BR>[Stack]<UL><LI>Max Depth = 40<LI>Call Chain = HAL_InitTick &rArr; NVIC_SetVector &rArr; __aeabi_memmove4
</UL>
<BR>[Calls]<UL><LI><a href="#[fc]">&gt;&gt;</a>&nbsp;&nbsp;&nbsp;NVIC_SetVector
<LI><a href="#[fd]">&gt;&gt;</a>&nbsp;&nbsp;&nbsp;HAL_TIM_OC_Start
<LI><a href="#[fb]">&gt;&gt;</a>&nbsp;&nbsp;&nbsp;HAL_TIM_OC_Init
</UL>
<BR>[Called By]<UL><LI><a href="#[fe]">&gt;&gt;</a>&nbsp;&nbsp;&nbsp;HAL_RCC_ClockConfig
<LI><a href="#[f7]">&gt;&gt;</a>&nbsp;&nbsp;&nbsp;HAL_Init
<LI><a href="#[10a]">&gt;&gt;</a>&nbsp;&nbsp;&nbsp;us_ticker_read
</UL>

<P><STRONG><a name="[fa]"></a>HAL_MspInit</STRONG> (Thumb, 2 bytes, Stack size 0 bytes, stm32f4xx_hal.o(i.HAL_MspInit))
<BR><BR>[Called By]<UL><LI><a href="#[f7]">&gt;&gt;</a>&nbsp;&nbsp;&nbsp;HAL_Init
</UL>

<P><STRONG><a name="[f8]"></a>HAL_NVIC_SetPriorityGrouping</STRONG> (Thumb, 30 bytes, Stack size 0 bytes, stm32f4xx_hal_cortex.o(i.HAL_NVIC_SetPriorityGrouping))
<BR><BR>[Called By]<UL><LI><a href="#[f7]">&gt;&gt;</a>&nbsp;&nbsp;&nbsp;HAL_Init
</UL>

<P><STRONG><a name="[fe]"></a>HAL_RCC_ClockConfig</STRONG> (Thumb, 498 bytes, Stack size 32 bytes, stm32f4xx_hal_rcc.o(i.HAL_RCC_ClockConfig))
<BR><BR>[Stack]<UL><LI>Max Depth = 72<LI>Call Chain = HAL_RCC_ClockConfig &rArr; HAL_InitTick &rArr; NVIC_SetVector &rArr; __aeabi_memmove4
</UL>
<BR>[Calls]<UL><LI><a href="#[ff]">&gt;&gt;</a>&nbsp;&nbsp;&nbsp;HAL_GetTick
<LI><a href="#[f9]">&gt;&gt;</a>&nbsp;&nbsp;&nbsp;HAL_InitTick
</UL>
<BR>[Called By]<UL><LI><a href="#[4e]">&gt;&gt;</a>&nbsp;&nbsp;&nbsp;SystemInit
<LI><a href="#[104]">&gt;&gt;</a>&nbsp;&nbsp;&nbsp;SetSysClock_PLL_HSE
</UL>

<P><STRONG><a name="[100]"></a>HAL_RCC_OscConfig</STRONG> (Thumb, 916 bytes, Stack size 40 bytes, stm32f4xx_hal_rcc.o(i.HAL_RCC_OscConfig))
<BR><BR>[Stack]<UL><LI>Max Depth = 40<LI>Call Chain = HAL_RCC_OscConfig
</UL>
<BR>[Calls]<UL><LI><a href="#[ff]">&gt;&gt;</a>&nbsp;&nbsp;&nbsp;HAL_GetTick
</UL>
<BR>[Called By]<UL><LI><a href="#[4e]">&gt;&gt;</a>&nbsp;&nbsp;&nbsp;SystemInit
<LI><a href="#[104]">&gt;&gt;</a>&nbsp;&nbsp;&nbsp;SetSysClock_PLL_HSE
</UL>

<P><STRONG><a name="[fb]"></a>HAL_TIM_OC_Init</STRONG> (Thumb, 50 bytes, Stack size 8 bytes, stm32f4xx_hal_tim.o(i.HAL_TIM_OC_Init))
<BR><BR>[Stack]<UL><LI>Max Depth = 20<LI>Call Chain = HAL_TIM_OC_Init &rArr; TIM_Base_SetConfig
</UL>
<BR>[Calls]<UL><LI><a href="#[101]">&gt;&gt;</a>&nbsp;&nbsp;&nbsp;HAL_TIM_OC_MspInit
<LI><a href="#[102]">&gt;&gt;</a>&nbsp;&nbsp;&nbsp;TIM_Base_SetConfig
</UL>
<BR>[Called By]<UL><LI><a href="#[f9]">&gt;&gt;</a>&nbsp;&nbsp;&nbsp;HAL_InitTick
</UL>

<P><STRONG><a name="[101]"></a>HAL_TIM_OC_MspInit</STRONG> (Thumb, 2 bytes, Stack size 0 bytes, stm32f4xx_hal_tim.o(i.HAL_TIM_OC_MspInit))
<BR><BR>[Called By]<UL><LI><a href="#[fb]">&gt;&gt;</a>&nbsp;&nbsp;&nbsp;HAL_TIM_OC_Init
</UL>

<P><STRONG><a name="[fd]"></a>HAL_TIM_OC_Start</STRONG> (Thumb, 54 bytes, Stack size 0 bytes, stm32f4xx_hal_tim.o(i.HAL_TIM_OC_Start))
<BR><BR>[Called By]<UL><LI><a href="#[f9]">&gt;&gt;</a>&nbsp;&nbsp;&nbsp;HAL_InitTick
</UL>

<P><STRONG><a name="[fc]"></a>NVIC_SetVector</STRONG> (Thumb, 102 bytes, Stack size 24 bytes, cmsis_nvic.o(i.NVIC_SetVector))
<BR><BR>[Stack]<UL><LI>Max Depth = 32<LI>Call Chain = NVIC_SetVector &rArr; __aeabi_memmove4
</UL>
<BR>[Calls]<UL><LI><a href="#[103]">&gt;&gt;</a>&nbsp;&nbsp;&nbsp;__aeabi_memmove4
</UL>
<BR>[Called By]<UL><LI><a href="#[f9]">&gt;&gt;</a>&nbsp;&nbsp;&nbsp;HAL_InitTick
</UL>

<P><STRONG><a name="[104]"></a>SetSysClock_PLL_HSE</STRONG> (Thumb, 116 bytes, Stack size 80 bytes, system_stm32f4xx.o(i.SetSysClock_PLL_HSE))
<BR><BR>[Stack]<UL><LI>Max Depth = 152<LI>Call Chain = SetSysClock_PLL_HSE &rArr; HAL_RCC_ClockConfig &rArr; HAL_InitTick &rArr; NVIC_SetVector &rArr; __aeabi_memmove4
</UL>
<BR>[Calls]<UL><LI><a href="#[100]">&gt;&gt;</a>&nbsp;&nbsp;&nbsp;HAL_RCC_OscConfig
<LI><a href="#[fe]">&gt;&gt;</a>&nbsp;&nbsp;&nbsp;HAL_RCC_ClockConfig
</UL>
<BR>[Called By]<UL><LI><a href="#[4e]">&gt;&gt;</a>&nbsp;&nbsp;&nbsp;SystemInit
</UL>

<P><STRONG><a name="[106]"></a>SystemCoreClockUpdate</STRONG> (Thumb, 112 bytes, Stack size 8 bytes, system_stm32f4xx.o(i.SystemCoreClockUpdate))
<BR><BR>[Stack]<UL><LI>Max Depth = 8<LI>Call Chain = SystemCoreClockUpdate
</UL>
<BR>[Called By]<UL><LI><a href="#[f4]">&gt;&gt;</a>&nbsp;&nbsp;&nbsp;mbed_sdk_init
</UL>

<P><STRONG><a name="[4e]"></a>SystemInit</STRONG> (Thumb, 210 bytes, Stack size 80 bytes, system_stm32f4xx.o(i.SystemInit))
<BR><BR>[Stack]<UL><LI>Max Depth = 232<LI>Call Chain = SystemInit &rArr; SetSysClock_PLL_HSE &rArr; HAL_RCC_ClockConfig &rArr; HAL_InitTick &rArr; NVIC_SetVector &rArr; __aeabi_memmove4
</UL>
<BR>[Calls]<UL><LI><a href="#[100]">&gt;&gt;</a>&nbsp;&nbsp;&nbsp;HAL_RCC_OscConfig
<LI><a href="#[fe]">&gt;&gt;</a>&nbsp;&nbsp;&nbsp;HAL_RCC_ClockConfig
<LI><a href="#[f7]">&gt;&gt;</a>&nbsp;&nbsp;&nbsp;HAL_Init
<LI><a href="#[104]">&gt;&gt;</a>&nbsp;&nbsp;&nbsp;SetSysClock_PLL_HSE
</UL>
<BR>[Address Reference Count : 1]<UL><LI> startup_stm32f401xe.o(.text)
</UL>
<P><STRONG><a name="[102]"></a>TIM_Base_SetConfig</STRONG> (Thumb, 132 bytes, Stack size 12 bytes, stm32f4xx_hal_tim.o(i.TIM_Base_SetConfig))
<BR><BR>[Stack]<UL><LI>Max Depth = 12<LI>Call Chain = TIM_Base_SetConfig
</UL>
<BR>[Called By]<UL><LI><a href="#[fb]">&gt;&gt;</a>&nbsp;&nbsp;&nbsp;HAL_TIM_OC_Init
</UL>

<P><STRONG><a name="[125]"></a>__scatterload_copy</STRONG> (Thumb, 14 bytes, Stack size unknown bytes, handlers.o(i.__scatterload_copy), UNUSED)

<P><STRONG><a name="[126]"></a>__scatterload_null</STRONG> (Thumb, 2 bytes, Stack size unknown bytes, handlers.o(i.__scatterload_null), UNUSED)

<P><STRONG><a name="[127]"></a>__scatterload_zeroinit</STRONG> (Thumb, 14 bytes, Stack size unknown bytes, handlers.o(i.__scatterload_zeroinit), UNUSED)

<P><STRONG><a name="[f2]"></a>mbed_die</STRONG> (Thumb, 16 bytes, Stack size 0 bytes, board.o(i.mbed_die))
<BR><BR>[Stack]<UL><LI>Max Depth = 64<LI>Call Chain = mbed_die &rArr; wait_ms &rArr; us_ticker_read &rArr; HAL_InitTick &rArr; NVIC_SetVector &rArr; __aeabi_memmove4
</UL>
<BR>[Calls]<UL><LI><a href="#[105]">&gt;&gt;</a>&nbsp;&nbsp;&nbsp;wait_ms
</UL>
<BR>[Called By]<UL><LI><a href="#[8e]">&gt;&gt;</a>&nbsp;&nbsp;&nbsp;sysThreadError
<LI><a href="#[7e]">&gt;&gt;</a>&nbsp;&nbsp;&nbsp;os_error
</UL>

<P><STRONG><a name="[f5]"></a>mbed_main</STRONG> (Thumb, 2 bytes, Stack size 0 bytes, retarget.o(i.mbed_main))
<BR><BR>[Called By]<UL><LI><a href="#[52]">&gt;&gt;</a>&nbsp;&nbsp;&nbsp;main
</UL>

<P><STRONG><a name="[f4]"></a>mbed_sdk_init</STRONG> (Thumb, 14 bytes, Stack size 8 bytes, mbed_overrides.o(i.mbed_sdk_init))
<BR><BR>[Stack]<UL><LI>Max Depth = 56<LI>Call Chain = mbed_sdk_init &rArr; HAL_Init &rArr; HAL_InitTick &rArr; NVIC_SetVector &rArr; __aeabi_memmove4
</UL>
<BR>[Calls]<UL><LI><a href="#[106]">&gt;&gt;</a>&nbsp;&nbsp;&nbsp;SystemCoreClockUpdate
<LI><a href="#[f7]">&gt;&gt;</a>&nbsp;&nbsp;&nbsp;HAL_Init
</UL>
<BR>[Called By]<UL><LI><a href="#[52]">&gt;&gt;</a>&nbsp;&nbsp;&nbsp;main
</UL>

<P><STRONG><a name="[50]"></a>timer_irq_handler</STRONG> (Thumb, 80 bytes, Stack size 16 bytes, hal_tick.o(i.timer_irq_handler))
<BR><BR>[Stack]<UL><LI>Max Depth = 72<LI>Call Chain = timer_irq_handler &rArr; us_ticker_irq_handler &rArr; us_ticker_read &rArr; HAL_InitTick &rArr; NVIC_SetVector &rArr; __aeabi_memmove4
</UL>
<BR>[Calls]<UL><LI><a href="#[107]">&gt;&gt;</a>&nbsp;&nbsp;&nbsp;us_ticker_irq_handler
<LI><a href="#[108]">&gt;&gt;</a>&nbsp;&nbsp;&nbsp;HAL_IncTick
</UL>
<BR>[Address Reference Count : 1]<UL><LI> hal_tick.o(i.HAL_InitTick)
</UL>
<P><STRONG><a name="[109]"></a>us_ticker_clear_interrupt</STRONG> (Thumb, 14 bytes, Stack size 0 bytes, us_ticker.o(i.us_ticker_clear_interrupt))
<BR><BR>[Called By]<UL><LI><a href="#[107]">&gt;&gt;</a>&nbsp;&nbsp;&nbsp;us_ticker_irq_handler
</UL>

<P><STRONG><a name="[10b]"></a>us_ticker_disable_interrupt</STRONG> (Thumb, 14 bytes, Stack size 0 bytes, us_ticker.o(i.us_ticker_disable_interrupt))
<BR><BR>[Called By]<UL><LI><a href="#[107]">&gt;&gt;</a>&nbsp;&nbsp;&nbsp;us_ticker_irq_handler
</UL>

<P><STRONG><a name="[107]"></a>us_ticker_irq_handler</STRONG> (Thumb, 60 bytes, Stack size 8 bytes, us_ticker_api.o(i.us_ticker_irq_handler))
<BR><BR>[Stack]<UL><LI>Max Depth = 56<LI>Call Chain = us_ticker_irq_handler &rArr; us_ticker_read &rArr; HAL_InitTick &rArr; NVIC_SetVector &rArr; __aeabi_memmove4
</UL>
<BR>[Calls]<UL><LI><a href="#[10c]">&gt;&gt;</a>&nbsp;&nbsp;&nbsp;us_ticker_set_interrupt
<LI><a href="#[10a]">&gt;&gt;</a>&nbsp;&nbsp;&nbsp;us_ticker_read
<LI><a href="#[10b]">&gt;&gt;</a>&nbsp;&nbsp;&nbsp;us_ticker_disable_interrupt
<LI><a href="#[109]">&gt;&gt;</a>&nbsp;&nbsp;&nbsp;us_ticker_clear_interrupt
</UL>
<BR>[Called By]<UL><LI><a href="#[50]">&gt;&gt;</a>&nbsp;&nbsp;&nbsp;timer_irq_handler
</UL>

<P><STRONG><a name="[10a]"></a>us_ticker_read</STRONG> (Thumb, 30 bytes, Stack size 8 bytes, us_ticker.o(i.us_ticker_read))
<BR><BR>[Stack]<UL><LI>Max Depth = 48<LI>Call Chain = us_ticker_read &rArr; HAL_InitTick &rArr; NVIC_SetVector &rArr; __aeabi_memmove4
</UL>
<BR>[Calls]<UL><LI><a href="#[f9]">&gt;&gt;</a>&nbsp;&nbsp;&nbsp;HAL_InitTick
</UL>
<BR>[Called By]<UL><LI><a href="#[107]">&gt;&gt;</a>&nbsp;&nbsp;&nbsp;us_ticker_irq_handler
<LI><a href="#[105]">&gt;&gt;</a>&nbsp;&nbsp;&nbsp;wait_ms
</UL>

<P><STRONG><a name="[10c]"></a>us_ticker_set_interrupt</STRONG> (Thumb, 16 bytes, Stack size 0 bytes, us_ticker.o(i.us_ticker_set_interrupt))
<BR><BR>[Called By]<UL><LI><a href="#[107]">&gt;&gt;</a>&nbsp;&nbsp;&nbsp;us_ticker_irq_handler
</UL>

<P><STRONG><a name="[105]"></a>wait_ms</STRONG> (Thumb, 28 bytes, Stack size 16 bytes, wait_api.o(i.wait_ms))
<BR><BR>[Stack]<UL><LI>Max Depth = 64<LI>Call Chain = wait_ms &rArr; us_ticker_read &rArr; HAL_InitTick &rArr; NVIC_SetVector &rArr; __aeabi_memmove4
</UL>
<BR>[Calls]<UL><LI><a href="#[10a]">&gt;&gt;</a>&nbsp;&nbsp;&nbsp;us_ticker_read
</UL>
<BR>[Called By]<UL><LI><a href="#[f2]">&gt;&gt;</a>&nbsp;&nbsp;&nbsp;mbed_die
</UL>
<P>
<H3>
Local Symbols
</H3>
<P><STRONG><a name="[a6]"></a>rt_ms2tick</STRONG> (Thumb, 60 bytes, Stack size 0 bytes, rt_cmsis.o(.text))
<BR><BR>[Called By]<UL><LI><a href="#[e7]">&gt;&gt;</a>&nbsp;&nbsp;&nbsp;sysMailAlloc
<LI><a href="#[e3]">&gt;&gt;</a>&nbsp;&nbsp;&nbsp;svcMessagePut
<LI><a href="#[d3]">&gt;&gt;</a>&nbsp;&nbsp;&nbsp;svcSemaphoreWait
<LI><a href="#[c7]">&gt;&gt;</a>&nbsp;&nbsp;&nbsp;svcMutexWait
<LI><a href="#[be]">&gt;&gt;</a>&nbsp;&nbsp;&nbsp;svcSignalWait
<LI><a href="#[b6]">&gt;&gt;</a>&nbsp;&nbsp;&nbsp;svcMessageGet
<LI><a href="#[a9]">&gt;&gt;</a>&nbsp;&nbsp;&nbsp;svcTimerStart
<LI><a href="#[a5]">&gt;&gt;</a>&nbsp;&nbsp;&nbsp;svcDelay
</UL>

<P><STRONG><a name="[92]"></a>rt_tid2ptcb</STRONG> (Thumb, 32 bytes, Stack size 0 bytes, rt_cmsis.o(.text))
<BR><BR>[Called By]<UL><LI><a href="#[c0]">&gt;&gt;</a>&nbsp;&nbsp;&nbsp;osSignalSet
<LI><a href="#[bd]">&gt;&gt;</a>&nbsp;&nbsp;&nbsp;svcSignalGet
<LI><a href="#[bb]">&gt;&gt;</a>&nbsp;&nbsp;&nbsp;svcSignalClear
<LI><a href="#[b9]">&gt;&gt;</a>&nbsp;&nbsp;&nbsp;svcSignalSet
<LI><a href="#[9f]">&gt;&gt;</a>&nbsp;&nbsp;&nbsp;svcThreadGetPriority
<LI><a href="#[9e]">&gt;&gt;</a>&nbsp;&nbsp;&nbsp;svcThreadSetPriority
<LI><a href="#[91]">&gt;&gt;</a>&nbsp;&nbsp;&nbsp;svcThreadTerminate
</UL>

<P><STRONG><a name="[aa]"></a>rt_id2obj</STRONG> (Thumb, 16 bytes, Stack size 0 bytes, rt_cmsis.o(.text))
<BR><BR>[Called By]<UL><LI><a href="#[d8]">&gt;&gt;</a>&nbsp;&nbsp;&nbsp;osSemaphoreRelease
<LI><a href="#[d5]">&gt;&gt;</a>&nbsp;&nbsp;&nbsp;svcSemaphoreDelete
<LI><a href="#[d4]">&gt;&gt;</a>&nbsp;&nbsp;&nbsp;svcSemaphoreRelease
<LI><a href="#[d3]">&gt;&gt;</a>&nbsp;&nbsp;&nbsp;svcSemaphoreWait
<LI><a href="#[cb]">&gt;&gt;</a>&nbsp;&nbsp;&nbsp;svcMutexDelete
<LI><a href="#[c9]">&gt;&gt;</a>&nbsp;&nbsp;&nbsp;svcMutexRelease
<LI><a href="#[c7]">&gt;&gt;</a>&nbsp;&nbsp;&nbsp;svcMutexWait
<LI><a href="#[af]">&gt;&gt;</a>&nbsp;&nbsp;&nbsp;svcTimerCall
<LI><a href="#[ae]">&gt;&gt;</a>&nbsp;&nbsp;&nbsp;svcTimerDelete
<LI><a href="#[ad]">&gt;&gt;</a>&nbsp;&nbsp;&nbsp;svcTimerStop
<LI><a href="#[a9]">&gt;&gt;</a>&nbsp;&nbsp;&nbsp;svcTimerStart
</UL>

<P><STRONG><a name="[ac]"></a>rt_timer_insert</STRONG> (Thumb, 60 bytes, Stack size 12 bytes, rt_cmsis.o(.text))
<BR><BR>[Stack]<UL><LI>Max Depth = 12<LI>Call Chain = rt_timer_insert
</UL>
<BR>[Called By]<UL><LI><a href="#[a9]">&gt;&gt;</a>&nbsp;&nbsp;&nbsp;svcTimerStart
<LI><a href="#[7d]">&gt;&gt;</a>&nbsp;&nbsp;&nbsp;sysTimerTick
</UL>

<P><STRONG><a name="[ab]"></a>rt_timer_remove</STRONG> (Thumb, 70 bytes, Stack size 8 bytes, rt_cmsis.o(.text))
<BR><BR>[Stack]<UL><LI>Max Depth = 8<LI>Call Chain = rt_timer_remove
</UL>
<BR>[Called By]<UL><LI><a href="#[ae]">&gt;&gt;</a>&nbsp;&nbsp;&nbsp;svcTimerDelete
<LI><a href="#[ad]">&gt;&gt;</a>&nbsp;&nbsp;&nbsp;svcTimerStop
<LI><a href="#[a9]">&gt;&gt;</a>&nbsp;&nbsp;&nbsp;svcTimerStart
</UL>

<P><STRONG><a name="[b0]"></a>isrMessagePut</STRONG> (Thumb, 50 bytes, Stack size 16 bytes, rt_cmsis.o(.text))
<BR><BR>[Stack]<UL><LI>Max Depth = 128<LI>Call Chain = isrMessagePut &rArr; isr_mbx_send &rArr; rt_psq_enq &rArr; os_error &rArr; mbed_die &rArr; wait_ms &rArr; us_ticker_read &rArr; HAL_InitTick &rArr; NVIC_SetVector &rArr; __aeabi_memmove4
</UL>
<BR>[Calls]<UL><LI><a href="#[8b]">&gt;&gt;</a>&nbsp;&nbsp;&nbsp;isr_mbx_send
<LI><a href="#[b1]">&gt;&gt;</a>&nbsp;&nbsp;&nbsp;rt_mbx_check
</UL>
<BR>[Called By]<UL><LI><a href="#[e5]">&gt;&gt;</a>&nbsp;&nbsp;&nbsp;osMessagePut
<LI><a href="#[7d]">&gt;&gt;</a>&nbsp;&nbsp;&nbsp;sysTimerTick
</UL>

<P><STRONG><a name="[dd]"></a>rt_clr_box</STRONG> (Thumb, 24 bytes, Stack size 8 bytes, rt_cmsis.o(.text))
<BR><BR>[Stack]<UL><LI>Max Depth = 8<LI>Call Chain = rt_clr_box
</UL>
<BR>[Called By]<UL><LI><a href="#[e7]">&gt;&gt;</a>&nbsp;&nbsp;&nbsp;sysMailAlloc
<LI><a href="#[dc]">&gt;&gt;</a>&nbsp;&nbsp;&nbsp;sysPoolAlloc
</UL>

<P><STRONG><a name="[9a]"></a>__get_CONTROL</STRONG> (Thumb, 6 bytes, Stack size 0 bytes, rt_cmsis.o(.text))
<BR><BR>[Called By]<UL><LI><a href="#[e9]">&gt;&gt;</a>&nbsp;&nbsp;&nbsp;osMailCreate
<LI><a href="#[e4]">&gt;&gt;</a>&nbsp;&nbsp;&nbsp;osMessageCreate
<LI><a href="#[e2]">&gt;&gt;</a>&nbsp;&nbsp;&nbsp;osPoolFree
<LI><a href="#[e1]">&gt;&gt;</a>&nbsp;&nbsp;&nbsp;osPoolCAlloc
<LI><a href="#[e0]">&gt;&gt;</a>&nbsp;&nbsp;&nbsp;osPoolAlloc
<LI><a href="#[df]">&gt;&gt;</a>&nbsp;&nbsp;&nbsp;osPoolCreate
<LI><a href="#[d6]">&gt;&gt;</a>&nbsp;&nbsp;&nbsp;osSemaphoreCreate
<LI><a href="#[cd]">&gt;&gt;</a>&nbsp;&nbsp;&nbsp;osMutexCreate
<LI><a href="#[b2]">&gt;&gt;</a>&nbsp;&nbsp;&nbsp;osTimerCreate
<LI><a href="#[58]">&gt;&gt;</a>&nbsp;&nbsp;&nbsp;osThreadCreate
<LI><a href="#[9b]">&gt;&gt;</a>&nbsp;&nbsp;&nbsp;osKernelRunning
<LI><a href="#[59]">&gt;&gt;</a>&nbsp;&nbsp;&nbsp;osKernelStart
<LI><a href="#[56]">&gt;&gt;</a>&nbsp;&nbsp;&nbsp;osKernelInitialize
</UL>

<P><STRONG><a name="[99]"></a>__get_IPSR</STRONG> (Thumb, 6 bytes, Stack size 0 bytes, rt_cmsis.o(.text))
<BR><BR>[Called By]<UL><LI><a href="#[ec]">&gt;&gt;</a>&nbsp;&nbsp;&nbsp;osMailFree
<LI><a href="#[eb]">&gt;&gt;</a>&nbsp;&nbsp;&nbsp;osMailCAlloc
<LI><a href="#[ea]">&gt;&gt;</a>&nbsp;&nbsp;&nbsp;osMailAlloc
<LI><a href="#[e9]">&gt;&gt;</a>&nbsp;&nbsp;&nbsp;osMailCreate
<LI><a href="#[e5]">&gt;&gt;</a>&nbsp;&nbsp;&nbsp;osMessagePut
<LI><a href="#[e4]">&gt;&gt;</a>&nbsp;&nbsp;&nbsp;osMessageCreate
<LI><a href="#[e2]">&gt;&gt;</a>&nbsp;&nbsp;&nbsp;osPoolFree
<LI><a href="#[e1]">&gt;&gt;</a>&nbsp;&nbsp;&nbsp;osPoolCAlloc
<LI><a href="#[e0]">&gt;&gt;</a>&nbsp;&nbsp;&nbsp;osPoolAlloc
<LI><a href="#[df]">&gt;&gt;</a>&nbsp;&nbsp;&nbsp;osPoolCreate
<LI><a href="#[d9]">&gt;&gt;</a>&nbsp;&nbsp;&nbsp;osSemaphoreDelete
<LI><a href="#[d8]">&gt;&gt;</a>&nbsp;&nbsp;&nbsp;osSemaphoreRelease
<LI><a href="#[d7]">&gt;&gt;</a>&nbsp;&nbsp;&nbsp;osSemaphoreWait
<LI><a href="#[d6]">&gt;&gt;</a>&nbsp;&nbsp;&nbsp;osSemaphoreCreate
<LI><a href="#[d0]">&gt;&gt;</a>&nbsp;&nbsp;&nbsp;osMutexDelete
<LI><a href="#[cf]">&gt;&gt;</a>&nbsp;&nbsp;&nbsp;osMutexRelease
<LI><a href="#[ce]">&gt;&gt;</a>&nbsp;&nbsp;&nbsp;osMutexWait
<LI><a href="#[cd]">&gt;&gt;</a>&nbsp;&nbsp;&nbsp;osMutexCreate
<LI><a href="#[c4]">&gt;&gt;</a>&nbsp;&nbsp;&nbsp;osSignalWait
<LI><a href="#[c3]">&gt;&gt;</a>&nbsp;&nbsp;&nbsp;osSignalGet
<LI><a href="#[c2]">&gt;&gt;</a>&nbsp;&nbsp;&nbsp;osSignalClear
<LI><a href="#[c0]">&gt;&gt;</a>&nbsp;&nbsp;&nbsp;osSignalSet
<LI><a href="#[b7]">&gt;&gt;</a>&nbsp;&nbsp;&nbsp;osMessageGet
<LI><a href="#[b5]">&gt;&gt;</a>&nbsp;&nbsp;&nbsp;osTimerDelete
<LI><a href="#[b4]">&gt;&gt;</a>&nbsp;&nbsp;&nbsp;osTimerStop
<LI><a href="#[b3]">&gt;&gt;</a>&nbsp;&nbsp;&nbsp;osTimerStart
<LI><a href="#[b2]">&gt;&gt;</a>&nbsp;&nbsp;&nbsp;osTimerCreate
<LI><a href="#[a7]">&gt;&gt;</a>&nbsp;&nbsp;&nbsp;osDelay
<LI><a href="#[a4]">&gt;&gt;</a>&nbsp;&nbsp;&nbsp;osThreadGetPriority
<LI><a href="#[a3]">&gt;&gt;</a>&nbsp;&nbsp;&nbsp;osThreadSetPriority
<LI><a href="#[a2]">&gt;&gt;</a>&nbsp;&nbsp;&nbsp;osThreadYield
<LI><a href="#[a1]">&gt;&gt;</a>&nbsp;&nbsp;&nbsp;osThreadTerminate
<LI><a href="#[a0]">&gt;&gt;</a>&nbsp;&nbsp;&nbsp;osThreadGetId
<LI><a href="#[58]">&gt;&gt;</a>&nbsp;&nbsp;&nbsp;osThreadCreate
<LI><a href="#[9b]">&gt;&gt;</a>&nbsp;&nbsp;&nbsp;osKernelRunning
<LI><a href="#[59]">&gt;&gt;</a>&nbsp;&nbsp;&nbsp;osKernelStart
<LI><a href="#[56]">&gt;&gt;</a>&nbsp;&nbsp;&nbsp;osKernelInitialize
</UL>

<P><STRONG><a name="[ef]"></a>rt_ret_regs</STRONG> (Thumb, 20 bytes, Stack size 0 bytes, hal_cm.o(.text))
<BR><BR>[Called By]<UL><LI><a href="#[89]">&gt;&gt;</a>&nbsp;&nbsp;&nbsp;rt_ret_val2
<LI><a href="#[83]">&gt;&gt;</a>&nbsp;&nbsp;&nbsp;rt_ret_val
</UL>
<P>
<H3>
Undefined Global Symbols
</H3><HR></body></html>
